<html>
<body>
<pre>
<h1>礦ision Build Log</h1>
<h2>Tool Versions:</h2>
IDE-Version: μVision V5.20.0.0
Copyright (C) 2016 ARM Ltd and ARM Germany GmbH. All rights reserved.
License Information: ODDY 微软用户, 微软中国, LIC=Z3C01-CFK68-XB6EC-7Z79M-WKZDF-MSBI0
 
Tool Versions:
Toolchain:       MDK-ARM Professional  Version: 5.20
Toolchain Path:  D:\Keil_v5\ARM\ARMCC\Bin
C Compiler:      Armcc.exe V5.06 update 2 (build 183)
Assembler:       Armasm.exe V5.06 update 2 (build 183)
Linker/Locator:  ArmLink.exe V5.06 update 2 (build 183)
Library Manager: ArmAr.exe V5.06 update 2 (build 183)
Hex Converter:   FromElf.exe V5.06 update 2 (build 183)
CPU DLL:         SARMCM3.DLL V5.20
Dialog DLL:      DARMSTM.DLL V1.66.0.0
Target DLL:      Segger\JL2CM3.dll V2.99.20.0
Dialog DLL:      TARMSTM.DLL V1.65.0.0
 
<h2>Project:</h2>
F:\My company\部门文档\技术部门\RemoteCar\两轮平衡车设计\软件设计\步进电机平衡车new1.20(jm)(稳定控制+跟随)ok - 四元数互补\template.uvprojx
Project File Date:  05/01/2020

<h2>Output:</h2>
*** Using Compiler 'V5.06 update 2 (build 183)', folder: 'D:\Keil_v5\ARM\ARMCC\Bin'
Rebuild target 'Target 1'
compiling systick.c...
compiling main.c...
compiling A4988.c...
compiling crt.c...
user\crt\crt.c(266): warning:  #177-D: variable "speed_l" was declared but never referenced
  	int speed_l,speed_r;
user\crt\crt.c(266): warning:  #177-D: variable "speed_r" was declared but never referenced
  	int speed_l,speed_r;
user\crt\crt.c: 2 warnings, 0 errors
compiling yijie.c...
compiling sys.c...
compiling Common.c...
compiling Bluetooth.c...
compiling nrf24l01.c...
user\nrf24l01.c(234): warning:  #174-D: expression has no effect
  			
IMIT(Remote.AUX2	,1000,2000);		
user\nrf24l01.c(235): warning:  #174-D: expression has no effect
  			
IMIT(Remote.roll	,1000,2000);
user\nrf24l01.c(236): warning:  #174-D: expression has no effect
  			
IMIT(Remote.pitch	,1000,2000);
user\nrf24l01.c(237): warning:  #174-D: expression has no effect
  			
IMIT(Remote.thr	,1000,2000);
user\nrf24l01.c(238): warning:  #174-D: expression has no effect
  			
IMIT(Remote.yaw	,1000,2000);
user\nrf24l01.c(239): warning:  #174-D: expression has no effect
  			
IMIT(Remote.AUX1	,1000,2000);
user\nrf24l01.c(240): warning:  #174-D: expression has no effect
  			
IMIT(Remote.AUX2	,1000,2000);
user\nrf24l01.c(241): warning:  #174-D: expression has no effect
  			
IMIT(Remote.AUX1	,1000,2000);
user\nrf24l01.c: 8 warnings, 0 errors
compiling niming_swj.c...
compiling csb.c...
compiling stm32f10x_it.c...
compiling timer.c...
compiling led.c...
compiling serial.c...
compiling iic.c...
compiling adc.c...
compiling key.c...
compiling mpu6050.c...
compiling Spi.c...
compiling system_stm32f10x.c...
compiling stm32f10x_exti.c...
compiling stm32f10x_gpio.c...
compiling stm32f10x_rcc.c...
compiling stm32f10x_usart.c...
compiling stm32f10x_spi.c...
compiling misc.c...
compiling stm32f10x_dma.c...
compiling stm32f10x_adc.c...
compiling stm32f10x_tim.c...
assembling startup_stm32f10x_hd.s...
compiling stm32f10x_i2c.c...
compiling core_cm3.c...
linking...
Program Size: Code=14868 RO-data=348 RW-data=212 ZI-data=1556  
FromELF: creating hex file...
".\Objects\template.axf" - 0 Error(s), 10 Warning(s).

<h2>Collection of Component include folders:</h2>
  F:\My company\部门文档\技术部门\RemoteCar\两轮平衡车设计\软件设计\步进电机平衡车new1.20(jm)(稳定控制+跟随)ok - 四元数互补\RTE
  D:\Keil_v5\ARM\PACK\Keil\STM32F1xx_DFP\2.0.0\Device\Include

<h2>Collection of Component Files used:</h2>
Build Time Elapsed:  00:00:31
</pre>
</body>
</html>
