Component: ARM Compiler 5.05 update 1 (build 106) Tool: armlink [4d0efa]

==============================================================================

Section Cross References

    main.o(i.main) refers to led.o(i.LED_init) for LED_init
    main.o(i.main) refers to serial.o(i.serial1_init) for serial1_init
    main.o(i.main) refers to iic.o(i.iic_init) for iic_init
    main.o(i.main) refers to systick.o(i.delay_ms) for delay_ms
    main.o(i.main) refers to printfa.o(i.__0printf) for __2printf
    main.o(i.main) refers to mpu6050.o(i.mpu6050_init) for mpu6050_init
    main.o(i.main) refers to adc.o(i.Adc_Init) for Adc_Init
    main.o(i.main) refers to key.o(i.KEY_Init) for KEY_Init
    main.o(i.main) refers to a4988.o(i.A4988_init) for A4988_init
    main.o(i.main) refers to a4988.o(i.A4988_en) for A4988_en
    main.o(i.main) refers to csb.o(i.csb_init) for csb_init
    main.o(i.main) refers to nrf24l01.o(i.NRF24L01_Configuration) for NRF24L01_Configuration
    main.o(i.main) refers to main.o(i.update_state) for update_state
    main.o(i.main) refers to ffltui.o(.text) for __aeabi_ui2f
    main.o(i.main) refers to fdiv.o(.text) for __aeabi_fdiv
    main.o(i.main) refers to f2d.o(.text) for __aeabi_f2d
    main.o(i.main) refers to yijie.o(i.up_angle) for up_angle
    main.o(i.main) refers to cfrcmple.o(.text) for __aeabi_cfrcmple
    main.o(i.main) refers to cfcmple.o(.text) for __aeabi_cfcmple
    main.o(i.main) refers to crt.o(i.crt) for crt
    main.o(i.main) refers to key.o(i.up_key) for up_key
    main.o(i.main) refers to adc.o(i.up_btv) for up_btv
    main.o(i.main) refers to common.o(.data) for SysParam
    main.o(i.main) refers to serial.o(.data) for Uart
    main.o(i.main) refers to bluetooth.o(.bss) for BluetoothKeyHandle
    main.o(i.main) refers to main.o(.data) for run_state
    main.o(i.main) refers to adc.o(.data) for btv
    main.o(i.main) refers to crt.o(.data) for cha1
    main.o(i.main) refers to yijie.o(.data) for S_Pitch
    main.o(i.update_state) refers to crt.o(i.ClearCtrParam) for ClearCtrParam
    main.o(i.update_state) refers to a4988.o(i.A4988_en) for A4988_en
    main.o(i.update_state) refers to main.o(.data) for run_state
    sys.o(i.MYRCC_DeInit) refers to sys.o(i.MY_NVIC_SetVectorTable) for MY_NVIC_SetVectorTable
    sys.o(i.MY_NVIC_Init) refers to sys.o(i.MY_NVIC_PriorityGroupConfig) for MY_NVIC_PriorityGroupConfig
    sys.o(i.Stm32_Clock_Init) refers to sys.o(i.MYRCC_DeInit) for MYRCC_DeInit
    sys.o(i.Sys_Standby) refers to sys.o(i.WFI_SET) for WFI_SET
    a4988.o(i.A4988_init) refers to stm32f10x_rcc.o(i.RCC_APB2PeriphClockCmd) for RCC_APB2PeriphClockCmd
    a4988.o(i.A4988_init) refers to stm32f10x_gpio.o(i.GPIO_Init) for GPIO_Init
    a4988.o(i.A4988_init) refers to stm32f10x_rcc.o(i.RCC_APB1PeriphClockCmd) for RCC_APB1PeriphClockCmd
    a4988.o(i.A4988_init) refers to stm32f10x_tim.o(i.TIM_TimeBaseInit) for TIM_TimeBaseInit
    a4988.o(i.A4988_init) refers to stm32f10x_tim.o(i.TIM_OC1Init) for TIM_OC1Init
    a4988.o(i.A4988_init) refers to stm32f10x_tim.o(i.TIM_OC1PreloadConfig) for TIM_OC1PreloadConfig
    a4988.o(i.A4988_init) refers to stm32f10x_tim.o(i.TIM_OC4Init) for TIM_OC4Init
    a4988.o(i.A4988_init) refers to stm32f10x_tim.o(i.TIM_OC4PreloadConfig) for TIM_OC4PreloadConfig
    a4988.o(i.A4988_init) refers to stm32f10x_tim.o(i.TIM_ARRPreloadConfig) for TIM_ARRPreloadConfig
    a4988.o(i.A4988_init) refers to stm32f10x_tim.o(i.TIM_Cmd) for TIM_Cmd
    a4988.o(i.A4988_init) refers to stm32f10x_tim.o(i.TIM_CtrlPWMOutputs) for TIM_CtrlPWMOutputs
    a4988.o(i.A4988_init) refers to led.o(i.LED_init) for LED_init
    a4988.o(i.A4988_init) refers to a4988.o(i.A4988_en) for A4988_en
    a4988.o(i.TIM1_PWMConfig) refers to stm32f10x_rcc.o(i.RCC_APB2PeriphClockCmd) for RCC_APB2PeriphClockCmd
    a4988.o(i.TIM1_PWMConfig) refers to stm32f10x_gpio.o(i.GPIO_Init) for GPIO_Init
    a4988.o(i.TIM1_PWMConfig) refers to stm32f10x_gpio.o(i.GPIO_PinRemapConfig) for GPIO_PinRemapConfig
    a4988.o(i.TIM1_PWMConfig) refers to stm32f10x_tim.o(i.TIM_TimeBaseInit) for TIM_TimeBaseInit
    a4988.o(i.TIM1_PWMConfig) refers to stm32f10x_tim.o(i.TIM_OC3Init) for TIM_OC3Init
    a4988.o(i.TIM1_PWMConfig) refers to stm32f10x_tim.o(i.TIM_BDTRConfig) for TIM_BDTRConfig
    a4988.o(i.TIM1_PWMConfig) refers to stm32f10x_tim.o(i.TIM_ARRPreloadConfig) for TIM_ARRPreloadConfig
    a4988.o(i.TIM1_PWMConfig) refers to stm32f10x_tim.o(i.TIM_CtrlPWMOutputs) for TIM_CtrlPWMOutputs
    a4988.o(i.TIM1_PWMConfig) refers to stm32f10x_tim.o(i.TIM_Cmd) for TIM_Cmd
    a4988.o(i.TIM1_PWMConfig) refers to led.o(i.LED_init) for LED_init
    a4988.o(i.TIM1_PWMConfig) refers to a4988.o(i.A4988_en) for A4988_en
    yijie.o(i.angle_lvbo) refers to fflti.o(.text) for __aeabi_i2f
    yijie.o(i.angle_lvbo) refers to fadd.o(.text) for __aeabi_fadd
    yijie.o(i.angle_lvbo) refers to fdiv.o(.text) for __aeabi_fdiv
    yijie.o(i.angle_lvbo) refers to ffixi.o(.text) for __aeabi_f2iz
[...]
    Removing stm32f10x_tim.o(i.TIM_SetClockDivision), (18 bytes).
    Removing stm32f10x_tim.o(i.TIM_SetCompare1), (4 bytes).
    Removing stm32f10x_tim.o(i.TIM_SetCompare2), (4 bytes).
    Removing stm32f10x_tim.o(i.TIM_SetCompare3), (4 bytes).
    Removing stm32f10x_tim.o(i.TIM_SetCompare4), (6 bytes).
    Removing stm32f10x_tim.o(i.TIM_SetCounter), (4 bytes).
    Removing stm32f10x_tim.o(i.TIM_SetIC1Prescaler), (18 bytes).
    Removing stm32f10x_tim.o(i.TIM_SetIC2Prescaler), (26 bytes).
    Removing stm32f10x_tim.o(i.TIM_SetIC3Prescaler), (18 bytes).
    Removing stm32f10x_tim.o(i.TIM_SetIC4Prescaler), (26 bytes).
    Removing stm32f10x_tim.o(i.TIM_TIxExternalClockConfig), (62 bytes).
    Removing stm32f10x_tim.o(i.TIM_TimeBaseStructInit), (18 bytes).
    Removing stm32f10x_tim.o(i.TIM_UpdateDisableConfig), (24 bytes).
    Removing stm32f10x_tim.o(i.TIM_UpdateRequestConfig), (24 bytes).
    Removing stm32f10x_adc.o(i.ADC_AnalogWatchdogCmd), (20 bytes).
    Removing stm32f10x_adc.o(i.ADC_AnalogWatchdogSingleChannelConfig), (16 bytes).
    Removing stm32f10x_adc.o(i.ADC_AnalogWatchdogThresholdsConfig), (6 bytes).
    Removing stm32f10x_adc.o(i.ADC_AutoInjectedConvCmd), (22 bytes).
    Removing stm32f10x_adc.o(i.ADC_ClearFlag), (6 bytes).
    Removing stm32f10x_adc.o(i.ADC_ClearITPendingBit), (10 bytes).
    Removing stm32f10x_adc.o(i.ADC_DMACmd), (22 bytes).
    Removing stm32f10x_adc.o(i.ADC_DiscModeChannelCountConfig), (24 bytes).
    Removing stm32f10x_adc.o(i.ADC_DiscModeCmd), (22 bytes).
    Removing stm32f10x_adc.o(i.ADC_ExternalTrigConvCmd), (22 bytes).
    Removing stm32f10x_adc.o(i.ADC_ExternalTrigInjectedConvCmd), (22 bytes).
    Removing stm32f10x_adc.o(i.ADC_ExternalTrigInjectedConvConfig), (16 bytes).
    Removing stm32f10x_adc.o(i.ADC_GetDualModeConversionValue), (12 bytes).
    Removing stm32f10x_adc.o(i.ADC_GetITStatus), (36 bytes).
    Removing stm32f10x_adc.o(i.ADC_GetInjectedConversionValue), (28 bytes).
    Removing stm32f10x_adc.o(i.ADC_GetSoftwareStartConvStatus), (20 bytes).
    Removing stm32f10x_adc.o(i.ADC_GetSoftwareStartInjectedConvCmdStatus), (20 bytes).
    Removing stm32f10x_adc.o(i.ADC_ITConfig), (24 bytes).
    Removing stm32f10x_adc.o(i.ADC_InjectedChannelConfig), (130 bytes).
    Removing stm32f10x_adc.o(i.ADC_InjectedDiscModeCmd), (22 bytes).
    Removing stm32f10x_adc.o(i.ADC_InjectedSequencerLengthConfig), (24 bytes).
    Removing stm32f10x_adc.o(i.ADC_SetInjectedOffset), (20 bytes).
    Removing stm32f10x_adc.o(i.ADC_SoftwareStartInjectedConvCmd), (22 bytes).
    Removing stm32f10x_adc.o(i.ADC_StructInit), (18 bytes).
    Removing stm32f10x_adc.o(i.ADC_TempSensorVrefintCmd), (36 bytes).
    Removing stm32f10x_dma.o(i.DMA_ClearFlag), (28 bytes).
    Removing stm32f10x_dma.o(i.DMA_ClearITPendingBit), (28 bytes).
    Removing stm32f10x_dma.o(i.DMA_Cmd), (24 bytes).
    Removing stm32f10x_dma.o(i.DMA_DeInit), (332 bytes).
    Removing stm32f10x_dma.o(i.DMA_GetCurrDataCounter), (8 bytes).
    Removing stm32f10x_dma.o(i.DMA_GetFlagStatus), (44 bytes).
    Removing stm32f10x_dma.o(i.DMA_GetITStatus), (44 bytes).
    Removing stm32f10x_dma.o(i.DMA_ITConfig), (18 bytes).
    Removing stm32f10x_dma.o(i.DMA_Init), (60 bytes).
    Removing stm32f10x_dma.o(i.DMA_SetCurrDataCounter), (4 bytes).
    Removing stm32f10x_dma.o(i.DMA_StructInit), (26 bytes).
    Removing stm32f10x_i2c.o(i.I2C_ARPCmd), (24 bytes).
    Removing stm32f10x_i2c.o(i.I2C_CalculatePEC), (24 bytes).
    Removing stm32f10x_i2c.o(i.I2C_ClearFlag), (12 bytes).
    Removing stm32f10x_i2c.o(i.I2C_ClearITPendingBit), (12 bytes).
    Removing stm32f10x_i2c.o(i.I2C_DMACmd), (24 bytes).
    Removing stm32f10x_i2c.o(i.I2C_DMALastTransferCmd), (24 bytes).
    Removing stm32f10x_i2c.o(i.I2C_DualAddressCmd), (24 bytes).
    Removing stm32f10x_i2c.o(i.I2C_FastModeDutyCycleConfig), (28 bytes).
    Removing stm32f10x_i2c.o(i.I2C_GeneralCallCmd), (24 bytes).
    Removing stm32f10x_i2c.o(i.I2C_GetFlagStatus), (58 bytes).
    Removing stm32f10x_i2c.o(i.I2C_GetITStatus), (38 bytes).
    Removing stm32f10x_i2c.o(i.I2C_GetLastEvent), (26 bytes).
    Removing stm32f10x_i2c.o(i.I2C_GetPEC), (8 bytes).
    Removing stm32f10x_i2c.o(i.I2C_ITConfig), (18 bytes).
    Removing stm32f10x_i2c.o(i.I2C_NACKPositionConfig), (28 bytes).
    Removing stm32f10x_i2c.o(i.I2C_OwnAddress2Config), (22 bytes).
    Removing stm32f10x_i2c.o(i.I2C_PECPositionConfig), (28 bytes).
    Removing stm32f10x_i2c.o(i.I2C_ReadRegister), (22 bytes).
    Removing stm32f10x_i2c.o(i.I2C_SMBusAlertConfig), (28 bytes).
    Removing stm32f10x_i2c.o(i.I2C_SoftwareResetCmd), (22 bytes).
    Removing stm32f10x_i2c.o(i.I2C_StretchClockCmd), (24 bytes).
    Removing stm32f10x_i2c.o(i.I2C_StructInit), (30 bytes).
    Removing stm32f10x_i2c.o(i.I2C_TransmitPEC), (24 bytes).
    Removing core_cm3.o(.emb_text), (32 bytes).
    Removing startup_stm32f10x_hd.o(HEAP), (512 bytes).
    Removing dscalb.o(.text), (46 bytes).

294 unused section(s) (total 12834 bytes) removed from the image.

==============================================================================

Image Symbol Table

    Local Symbols

    Symbol Name                              Value     Ov Type        Size  Object(Section)

    ../clib/microlib/division.c              0x00000000   Number         0  uldiv.o ABSOLUTE
    ../clib/microlib/division.c              0x00000000   Number         0  uidiv.o ABSOLUTE
    ../clib/microlib/errno.c                 0x00000000   Number         0  errno.o ABSOLUTE
    ../clib/microlib/init/entry.s            0x00000000   Number         0  entry11a.o ABSOLUTE
    ../clib/microlib/init/entry.s            0x00000000   Number         0  entry8a.o ABSOLUTE
    ../clib/microlib/init/entry.s            0x00000000   Number         0  entry11b.o ABSOLUTE
    ../clib/microlib/init/entry.s            0x00000000   Number         0  entry7b.o ABSOLUTE
    ../clib/microlib/init/entry.s            0x00000000   Number         0  entry7a.o ABSOLUTE
    ../clib/microlib/init/entry.s            0x00000000   Number         0  entry2.o ABSOLUTE
    ../clib/microlib/init/entry.s            0x00000000   Number         0  entry.o ABSOLUTE
    ../clib/microlib/init/entry.s            0x00000000   Number         0  entry10a.o ABSOLUTE
    ../clib/microlib/init/entry.s            0x00000000   Number         0  entry5.o ABSOLUTE
    ../clib/microlib/init/entry.s            0x00000000   Number         0  entry10b.o ABSOLUTE
    ../clib/microlib/init/entry.s            0x00000000   Number         0  entry9b.o ABSOLUTE
    ../clib/microlib/init/entry.s            0x00000000   Number         0  entry9a.o ABSOLUTE
    ../clib/microlib/init/entry.s            0x00000000   Number         0  entry8b.o ABSOLUTE
    ../clib/microlib/longlong.c              0x00000000   Number         0  llshl.o ABSOLUTE
    ../clib/microlib/longlong.c              0x00000000   Number         0  llsshr.o ABSOLUTE
    ../clib/microlib/longlong.c              0x00000000   Number         0  llushr.o ABSOLUTE
    ../clib/microlib/printf/printf.c         0x00000000   Number         0  printfb.o ABSOLUTE
    ../clib/microlib/printf/printf.c         0x00000000   Number         0  printf0.o ABSOLUTE
    ../clib/microlib/printf/printf.c         0x00000000   Number         0  printf2.o ABSOLUTE
    ../clib/microlib/printf/printf.c         0x00000000   Number         0  printf3.o ABSOLUTE
    ../clib/microlib/printf/printf.c         0x00000000   Number         0  printf4.o ABSOLUTE
    ../clib/microlib/printf/printf.c         0x00000000   Number         0  printf8.o ABSOLUTE
    ../clib/microlib/printf/printf.c         0x00000000   Number         0  printfa.o ABSOLUTE
    ../clib/microlib/printf/printf.c         0x00000000   Number         0  printf1.o ABSOLUTE
    ../clib/microlib/printf/printf.c         0x00000000   Number         0  printf5.o ABSOLUTE
    ../clib/microlib/printf/printf.c         0x00000000   Number         0  printf6.o ABSOLUTE
    ../clib/microlib/printf/printf.c         0x00000000   Number         0  printf7.o ABSOLUTE
    ../clib/microlib/printf/stubs.s          0x00000000   Number         0  stubs.o ABSOLUTE
    ../clib/microlib/stdio/streams.c         0x00000000   Number         0  stdout.o ABSOLUTE
    ../clib/microlib/stubs.s                 0x00000000   Number         0  iusefp.o ABSOLUTE
    ../fplib/microlib/d2f.c                  0x00000000   Number         0  d2f.o ABSOLUTE
    ../fplib/microlib/f2d.c                  0x00000000   Number         0  f2d.o ABSOLUTE
    ../fplib/microlib/fpadd.c                0x00000000   Number         0  fadd.o ABSOLUTE
    ../fplib/microlib/fpadd.c                0x00000000   Number         0  dadd.o ABSOLUTE
    ../fplib/microlib/fpdiv.c                0x00000000   Number         0  fdiv.o ABSOLUTE
    ../fplib/microlib/fpdiv.c                0x00000000   Number         0  ddiv.o ABSOLUTE
    ../fplib/microlib/fpepilogue.c           0x00000000   Number         0  fepilogue.o ABSOLUTE
    ../fplib/microlib/fpepilogue.c           0x00000000   Number         0  depilogue.o ABSOLUTE
    ../fplib/microlib/fpfix.c                0x00000000   Number         0  ffixi.o ABSOLUTE
    ../fplib/microlib/fpfix.c                0x00000000   Number         0  dfixul.o ABSOLUTE
    ../fplib/microlib/fpflt.c                0x00000000   Number         0  fflti.o ABSOLUTE
    ../fplib/microlib/fpflt.c                0x00000000   Number         0  ffltui.o ABSOLUTE
    ../fplib/microlib/fpflt.c                0x00000000   Number         0  dflti.o ABSOLUTE
    ../fplib/microlib/fpmul.c                0x00000000   Number         0  dmul.o ABSOLUTE
    ../fplib/microlib/fpmul.c                0x00000000   Number         0  fmul.o ABSOLUTE
    ../fplib/microlib/fpscalb.c              0x00000000   Number         0  fscalb.o ABSOLUTE
    ../fplib/microlib/fpscalb.c              0x00000000   Number         0  dscalb.o ABSOLUTE
    ../fplib/microlib/fpsqrt.c               0x00000000   Number         0  fsqrt.o ABSOLUTE
    ../mathlib/asinf.c                       0x00000000   Number         0  asinf.o ABSOLUTE
    ../mathlib/asinf.c                       0x00000000   Number         0  asinf_x.o ABSOLUTE
    ../mathlib/atan.c                        0x00000000   Number         0  atan.o ABSOLUTE
    ../mathlib/atan.c                        0x00000000   Number         0  atan_x.o ABSOLUTE
    ../mathlib/atan2.c                       0x00000000   Number         0  atan2_x.o ABSOLUTE
    ../mathlib/atan2.c                       0x00000000   Number         0  atan2.o ABSOLUTE
    ../mathlib/atan2f.c                      0x00000000   Number         0  atan2f_x.o ABSOLUTE
    ../mathlib/atan2f.c                      0x00000000   Number         0  atan2f.o ABSOLUTE
    ../mathlib/dunder.c                      0x00000000   Number         0  dunder.o ABSOLUTE
    ../mathlib/fpclassify.c                  0x00000000   Number         0  fpclassify.o ABSOLUTE
    ../mathlib/fpclassifyf.c                 0x00000000   Number         0  fpclassifyf.o ABSOLUTE
    ../mathlib/funder.c                      0x00000000   Number         0  funder.o ABSOLUTE
    ../mathlib/poly.c                        0x00000000   Number         0  poly.o ABSOLUTE
    ../mathlib/qnan.c                        0x00000000   Number         0  qnan.o ABSOLUTE
    ../mathlib/sqrtf.c                       0x00000000   Number         0  sqrtf.o ABSOLUTE
    ../mathlib/sqrtf.c                       0x00000000   Number         0  sqrtf_x.o ABSOLUTE
    Libraries\CMSIS\CM3\CoreSupport\core_cm3.c 0x00000000   Number         0  core_cm3.o ABSOLUTE
    Libraries\CMSIS\CM3\DeviceSupport\ST\STM32F10x\startup\arm\startup_stm32f10x_hd.s 0x00000000   Number         0  startup_stm32f10x_hd.o ABSOLUTE
    Libraries\CMSIS\CM3\DeviceSupport\ST\STM32F10x\system_stm32f10x.c 0x00000000   Number         0  system_stm32f10x.o ABSOLUTE
    Libraries\STM32F10x_StdPeriph_Driver\src\misc.c 0x00000000   Number         0  misc.o ABSOLUTE
    Libraries\STM32F10x_StdPeriph_Driver\src\stm32f10x_adc.c 0x00000000   Number         0  stm32f10x_adc.o ABSOLUTE
    Libraries\STM32F10x_StdPeriph_Driver\src\stm32f10x_dma.c 0x00000000   Number         0  stm32f10x_dma.o ABSOLUTE
    Libraries\STM32F10x_StdPeriph_Driver\src\stm32f10x_exti.c 0x00000000   Number         0  stm32f10x_exti.o ABSOLUTE
    Libraries\STM32F10x_StdPeriph_Driver\src\stm32f10x_gpio.c 0x00000000   Number         0  stm32f10x_gpio.o ABSOLUTE
    Libraries\STM32F10x_StdPeriph_Driver\src\stm32f10x_i2c.c 0x00000000   Number         0  stm32f10x_i2c.o ABSOLUTE
    Libraries\STM32F10x_StdPeriph_Driver\src\stm32f10x_rcc.c 0x00000000   Number         0  stm32f10x_rcc.o ABSOLUTE
    Libraries\STM32F10x_StdPeriph_Driver\src\stm32f10x_spi.c 0x00000000   Number         0  stm32f10x_spi.o ABSOLUTE
    Libraries\STM32F10x_StdPeriph_Driver\src\stm32f10x_tim.c 0x00000000   Number         0  stm32f10x_tim.o ABSOLUTE
    Libraries\STM32F10x_StdPeriph_Driver\src\stm32f10x_usart.c 0x00000000   Number         0  stm32f10x_usart.o ABSOLUTE
    Libraries\\CMSIS\\CM3\\CoreSupport\\core_cm3.c 0x00000000   Number         0  core_cm3.o ABSOLUTE
    cdrcmple.s                               0x00000000   Number         0  cdrcmple.o ABSOLUTE
    cfcmple.s                                0x00000000   Number         0  cfcmple.o ABSOLUTE
    cfrcmple.s                               0x00000000   Number         0  cfrcmple.o ABSOLUTE
    dc.s                                     0x00000000   Number         0  dc.o ABSOLUTE
    handlers.s                               0x00000000   Number         0  handlers.o ABSOLUTE
    init.s                                   0x00000000   Number         0  init.o ABSOLUTE
    it\stm32f10x_it.c                        0x00000000   Number         0  stm32f10x_it.o ABSOLUTE
    sys\\sys.c                               0x00000000   Number         0  sys.o ABSOLUTE
    sys\sys.c                                0x00000000   Number         0  sys.o ABSOLUTE
    user\ADC\adc.c                           0x00000000   Number         0  adc.o ABSOLUTE
    user\Bluetooth.c                         0x00000000   Number         0  bluetooth.o ABSOLUTE
    user\Common.c                            0x00000000   Number         0  common.o ABSOLUTE
    user\KEY\key.c                           0x00000000   Number         0  key.o ABSOLUTE
    user\Spi.c                               0x00000000   Number         0  spi.o ABSOLUTE
    user\a4988\A4988.c                       0x00000000   Number         0  a4988.o ABSOLUTE
    user\crt\crt.c                           0x00000000   Number         0  crt.o ABSOLUTE
    user\csb\csb.c                           0x00000000   Number         0  csb.o ABSOLUTE
    user\led\led.c                           0x00000000   Number         0  led.o ABSOLUTE
    user\main.c                              0x00000000   Number         0  main.o ABSOLUTE
    user\mpu6050\iic.c                       0x00000000   Number         0  iic.o ABSOLUTE
    user\mpu6050\mpu6050.c                   0x00000000   Number         0  mpu6050.o ABSOLUTE
    user\mpu6050\yijie.c                     0x00000000   Number         0  yijie.o ABSOLUTE
    user\nmswj\niming_swj.c                  0x00000000   Number         0  niming_swj.o ABSOLUTE
    user\nrf24l01.c                          0x00000000   Number         0  nrf24l01.o ABSOLUTE
    user\serial\serial.c                     0x00000000   Number         0  serial.o ABSOLUTE
    user\systick\systick.c                   0x00000000   Number         0  systick.o ABSOLUTE
    user\timer\timer.c                       0x00000000   Number         0  timer.o ABSOLUTE
    RESET                                    0x08000000   Section      304  startup_stm32f10x_hd.o(RESET)
    .ARM.Collect$$$$00000000                 0x08000130   Section        0  entry.o(.ARM.Collect$$$$00000000)
    .ARM.Collect$$$$00000001                 0x08000130   Section        4  entry2.o(.ARM.Collect$$$$00000001)
    .ARM.Collect$$$$00000004                 0x08000134   Section        4  entry5.o(.ARM.Collect$$$$00000004)
    .ARM.Collect$$$$00000008                 0x08000138   Section        0  entry7b.o(.ARM.Collect$$$$00000008)
    .ARM.Collect$$$$0000000A                 0x08000138   Section        0  entry8b.o(.ARM.Collect$$$$0000000A)
    .ARM.Collect$$$$0000000B                 0x08000138   Section        8  entry9a.o(.ARM.Collect$$$$0000000B)
    .ARM.Collect$$$$0000000D                 0x08000140   Section        0  entry10a.o(.ARM.Collect$$$$0000000D)
    .ARM.Collect$$$$0000000F                 0x08000140   Section        0  entry11a.o(.ARM.Collect$$$$0000000F)
    .ARM.Collect$$$$00002712                 0x08000140   Section        4  entry2.o(.ARM.Collect$$$$00002712)
    __lit__00000000                          0x08000140   Data           4  entry2.o(.ARM.Collect$$$$00002712)
    .text                                    0x08000144   Section       36  startup_stm32f10x_hd.o(.text)
    .text                                    0x08000168   Section        0  fadd.o(.text)
    .text                                    0x08000218   Section        0  fmul.o(.text)
    .text                                    0x0800027c   Section        0  fdiv.o(.text)
    .text                                    0x080002f8   Section        0  dadd.o(.text)
    .text                                    0x08000446   Section        0  dmul.o(.text)
    .text                                    0x0800052a   Section        0  ddiv.o(.text)
    .text                                    0x08000608   Section        0  fflti.o(.text)
    .text                                    0x0800061a   Section        0  ffltui.o(.text)
    .text                                    0x08000624   Section        0  dflti.o(.text)
    .text                                    0x08000646   Section        0  ffixi.o(.text)
    .text                                    0x08000678   Section        0  f2d.o(.text)
    .text                                    0x0800069e   Section        0  d2f.o(.text)
    .text                                    0x080006d8   Section       20  cfcmple.o(.text)
    .text                                    0x080006ec   Section       20  cfrcmple.o(.text)
    .text                                    0x08000700   Section        0  uidiv.o(.text)
    .text                                    0x0800072c   Section        0  uldiv.o(.text)
    .text                                    0x0800078e   Section        0  llshl.o(.text)
    .text                                    0x080007ac   Section        0  llsshr.o(.text)
    .text                                    0x080007d0   Section        0  iusefp.o(.text)
    .text                                    0x080007d0   Section        0  fepilogue.o(.text)
    .text                                    0x0800083e   Section        0  fscalb.o(.text)
    .text                                    0x08000856   Section        0  depilogue.o(.text)
    .text                                    0x08000910   Section        0  dfixul.o(.text)
    .text                                    0x08000940   Section       48  cdrcmple.o(.text)
    .text                                    0x08000970   Section       36  init.o(.text)
    .text                                    0x08000994   Section        0  llushr.o(.text)
    .text                                    0x080009b4   Section        0  fsqrt.o(.text)
    i.A4988_en                               0x08000a14   Section        0  a4988.o(i.A4988_en)
    i.A4988_init                             0x08000a28   Section        0  a4988.o(i.A4988_init)
    i.ADC_Cmd                                0x08000b7c   Section        0  stm32f10x_adc.o(i.ADC_Cmd)
    i.ADC_DeInit                             0x08000b94   Section        0  stm32f10x_adc.o(i.ADC_DeInit)
    i.ADC_GetCalibrationStatus               0x08000bf0   Section        0  stm32f10x_adc.o(i.ADC_GetCalibrationStatus)
    i.ADC_GetConversionValue                 0x08000c04   Section        0  stm32f10x_adc.o(i.ADC_GetConversionValue)
    i.ADC_GetFlagStatus                      0x08000c0c   Section        0  stm32f10x_adc.o(i.ADC_GetFlagStatus)
    i.ADC_GetResetCalibrationStatus          0x08000c1e   Section        0  stm32f10x_adc.o(i.ADC_GetResetCalibrationStatus)
    i.ADC_Init                               0x08000c34   Section        0  stm32f10x_adc.o(i.ADC_Init)
    i.ADC_RegularChannelConfig               0x08000c84   Section        0  stm32f10x_adc.o(i.ADC_RegularChannelConfig)
    i.ADC_ResetCalibration                   0x08000d3c   Section        0  stm32f10x_adc.o(i.ADC_ResetCalibration)
    i.ADC_SoftwareStartConvCmd               0x08000d46   Section        0  stm32f10x_adc.o(i.ADC_SoftwareStartConvCmd)
    i.ADC_StartCalibration                   0x08000d5c   Section        0  stm32f10x_adc.o(i.ADC_StartCalibration)
    i.Adc_Init                               0x08000d68   Section        0  adc.o(i.Adc_Init)
    i.BusFault_Handler                       0x08000df4   Section        0  stm32f10x_it.o(i.BusFault_Handler)
    i.ClearCtrParam                          0x08000df8   Section        0  crt.o(i.ClearCtrParam)
    i.DebugMon_Handler                       0x08000e1c   Section        0  stm32f10x_it.o(i.DebugMon_Handler)
    i.EXTI1_IRQHandler                       0x08000e1e   Section        0  stm32f10x_it.o(i.EXTI1_IRQHandler)
    i.GPIO_Init                              0x08000e20   Section        0  stm32f10x_gpio.o(i.GPIO_Init)
    i.GPIO_PinRemapConfig                    0x08000f38   Section        0  stm32f10x_gpio.o(i.GPIO_PinRemapConfig)
    i.GPIO_SetBits                           0x08000fc8   Section        0  stm32f10x_gpio.o(i.GPIO_SetBits)
    i.Get_Adc                                0x08000fcc   Section        0  adc.o(i.Get_Adc)
    i.Get_Adc_Average                        0x08001000   Section        0  adc.o(i.Get_Adc_Average)
    i.HardFault_Handler                      0x0800102a   Section        0  stm32f10x_it.o(i.HardFault_Handler)
    i.I2C_AcknowledgeConfig                  0x0800102e   Section        0  stm32f10x_i2c.o(i.I2C_AcknowledgeConfig)
    i.I2C_CheckEvent                         0x08001046   Section        0  stm32f10x_i2c.o(i.I2C_CheckEvent)
    i.I2C_Cmd                                0x08001070   Section        0  stm32f10x_i2c.o(i.I2C_Cmd)
    i.I2C_DeInit                             0x08001088   Section        0  stm32f10x_i2c.o(i.I2C_DeInit)
    i.I2C_GenerateSTART                      0x080010c0   Section        0  stm32f10x_i2c.o(i.I2C_GenerateSTART)
    i.I2C_GenerateSTOP                       0x080010d8   Section        0  stm32f10x_i2c.o(i.I2C_GenerateSTOP)
    i.I2C_Init                               0x080010f0   Section        0  stm32f10x_i2c.o(i.I2C_Init)
    i.I2C_ReceiveData                        0x080011dc   Section        0  stm32f10x_i2c.o(i.I2C_ReceiveData)
    i.I2C_Send7bitAddress                    0x080011e4   Section        0  stm32f10x_i2c.o(i.I2C_Send7bitAddress)
    i.I2C_SendData                           0x080011f6   Section        0  stm32f10x_i2c.o(i.I2C_SendData)
    i.KEY_Init                               0x080011fc   Section        0  key.o(i.KEY_Init)
    i.LED_init                               0x08001228   Section        0  led.o(i.LED_init)
    i.MemManage_Handler                      0x0800139c   Section        0  stm32f10x_it.o(i.MemManage_Handler)
    i.NMI_Handler                            0x080013a0   Section        0  stm32f10x_it.o(i.NMI_Handler)
    i.NRF24L01_Configuration                 0x080013a4   Section        0  nrf24l01.o(i.NRF24L01_Configuration)
    i.NVIC_Init                              0x08001440   Section        0  misc.o(i.NVIC_Init)
    i.PendSV_Handler                         0x080014b0   Section        0  stm32f10x_it.o(i.PendSV_Handler)
    i.RCC_ADCCLKConfig                       0x080014b4   Section        0  stm32f10x_rcc.o(i.RCC_ADCCLKConfig)
    i.RCC_APB1PeriphClockCmd                 0x080014cc   Section        0  stm32f10x_rcc.o(i.RCC_APB1PeriphClockCmd)
    i.RCC_APB1PeriphResetCmd                 0x080014ec   Section        0  stm32f10x_rcc.o(i.RCC_APB1PeriphResetCmd)
    i.RCC_APB2PeriphClockCmd                 0x0800150c   Section        0  stm32f10x_rcc.o(i.RCC_APB2PeriphClockCmd)
    i.RCC_APB2PeriphResetCmd                 0x0800152c   Section        0  stm32f10x_rcc.o(i.RCC_APB2PeriphResetCmd)
    i.RCC_GetClocksFreq                      0x0800154c   Section        0  stm32f10x_rcc.o(i.RCC_GetClocksFreq)
    i.SPI_Cmd                                0x08001620   Section        0  stm32f10x_spi.o(i.SPI_Cmd)
    i.SPI_Config                             0x08001638   Section        0  spi.o(i.SPI_Config)
    i.SPI_Init                               0x080016f4   Section        0  stm32f10x_spi.o(i.SPI_Init)
    i.SVC_Handler                            0x08001730   Section        0  stm32f10x_it.o(i.SVC_Handler)
    i.SetSysClock                            0x08001732   Section        0  system_stm32f10x.o(i.SetSysClock)
    SetSysClock                              0x08001733   Thumb Code     8  system_stm32f10x.o(i.SetSysClock)
    i.SetSysClockTo72                        0x0800173c   Section        0  system_stm32f10x.o(i.SetSysClockTo72)
    SetSysClockTo72                          0x0800173d   Thumb Code   214  system_stm32f10x.o(i.SetSysClockTo72)
    i.SysTick_Handler                        0x0800181c   Section        0  stm32f10x_it.o(i.SysTick_Handler)
    i.SystemInit                             0x08001820   Section        0  system_stm32f10x.o(i.SystemInit)
    i.TIM4_IRQHandler                        0x08001880   Section        0  timer.o(i.TIM4_IRQHandler)
    i.TIM4_Int_Init                          0x080018c0   Section        0  timer.o(i.TIM4_Int_Init)
    i.TIM_ARRPreloadConfig                   0x08001920   Section        0  stm32f10x_tim.o(i.TIM_ARRPreloadConfig)
    i.TIM_ClearITPendingBit                  0x08001938   Section        0  stm32f10x_tim.o(i.TIM_ClearITPendingBit)
    i.TIM_Cmd                                0x0800193e   Section        0  stm32f10x_tim.o(i.TIM_Cmd)
    i.TIM_CtrlPWMOutputs                     0x08001956   Section        0  stm32f10x_tim.o(i.TIM_CtrlPWMOutputs)
    i.TIM_GetITStatus                        0x08001974   Section        0  stm32f10x_tim.o(i.TIM_GetITStatus)
    i.TIM_ITConfig                           0x08001996   Section        0  stm32f10x_tim.o(i.TIM_ITConfig)
    i.TIM_OC1Init                            0x080019a8   Section        0  stm32f10x_tim.o(i.TIM_OC1Init)
    i.TIM_OC1PreloadConfig                   0x08001a40   Section        0  stm32f10x_tim.o(i.TIM_OC1PreloadConfig)
    i.TIM_OC4Init                            0x08001a54   Section        0  stm32f10x_tim.o(i.TIM_OC4Init)
    i.TIM_OC4PreloadConfig                   0x08001ad0   Section        0  stm32f10x_tim.o(i.TIM_OC4PreloadConfig)
    i.TIM_TimeBaseInit                       0x08001aec   Section        0  stm32f10x_tim.o(i.TIM_TimeBaseInit)
    i.USART1_IRQHandler                      0x08001b90   Section        0  serial.o(i.USART1_IRQHandler)
    i.USART2_IRQHandler                      0x08001c48   Section        0  serial.o(i.USART2_IRQHandler)
    i.USART_ClearFlag                        0x08001c70   Section        0  stm32f10x_usart.o(i.USART_ClearFlag)
    i.USART_Cmd                              0x08001c82   Section        0  stm32f10x_usart.o(i.USART_Cmd)
    i.USART_DeInit                           0x08001c9c   Section        0  stm32f10x_usart.o(i.USART_DeInit)
    i.USART_GetFlagStatus                    0x08001d38   Section        0  stm32f10x_usart.o(i.USART_GetFlagStatus)
    i.USART_GetITStatus                      0x08001d52   Section        0  stm32f10x_usart.o(i.USART_GetITStatus)
    i.USART_ITConfig                         0x08001da6   Section        0  stm32f10x_usart.o(i.USART_ITConfig)
    i.USART_Init                             0x08001df0   Section        0  stm32f10x_usart.o(i.USART_Init)
    i.USART_ReceiveData                      0x08001ec8   Section        0  stm32f10x_usart.o(i.USART_ReceiveData)
    i.USART_SendData                         0x08001ed2   Section        0  stm32f10x_usart.o(i.USART_SendData)
    i.UsageFault_Handler                     0x08001eda   Section        0  stm32f10x_it.o(i.UsageFault_Handler)
    i.__0printf                              0x08001ee0   Section        0  printfa.o(i.__0printf)
    i.__ARM_fpclassifyf                      0x08001f00   Section        0  fpclassifyf.o(i.__ARM_fpclassifyf)
    i.__mathlib_flt_infnan                   0x08001f26   Section        0  funder.o(i.__mathlib_flt_infnan)
    i.__mathlib_flt_infnan2                  0x08001f2c   Section        0  funder.o(i.__mathlib_flt_infnan2)
    i.__mathlib_flt_invalid                  0x08001f30   Section        0  funder.o(i.__mathlib_flt_invalid)
    i.__mathlib_flt_underflow                0x08001f38   Section        0  funder.o(i.__mathlib_flt_underflow)
    i.__scatterload_copy                     0x08001f42   Section       14  handlers.o(i.__scatterload_copy)
    i.__scatterload_null                     0x08001f50   Section        2  handlers.o(i.__scatterload_null)
    i.__scatterload_zeroinit                 0x08001f52   Section       14  handlers.o(i.__scatterload_zeroinit)
    i.__set_errno                            0x08001f60   Section        0  errno.o(i.__set_errno)
    i._fp_digits                             0x08001f6c   Section        0  printfa.o(i._fp_digits)
    _fp_digits                               0x08001f6d   Thumb Code   334  printfa.o(i._fp_digits)
    i._printf_core                           0x080020d0   Section        0  printfa.o(i._printf_core)
    _printf_core                             0x080020d1   Thumb Code  1744  printfa.o(i._printf_core)
    i._printf_post_padding                   0x080027ac   Section        0  printfa.o(i._printf_post_padding)
    _printf_post_padding                     0x080027ad   Thumb Code    36  printfa.o(i._printf_post_padding)
    i._printf_pre_padding                    0x080027d0   Section        0  printfa.o(i._printf_pre_padding)
    _printf_pre_padding                      0x080027d1   Thumb Code    46  printfa.o(i._printf_pre_padding)
    i.angle_lvbo                             0x08002800   Section        0  yijie.o(i.angle_lvbo)
    angle_lvbo                               0x08002801   Thumb Code   228  yijie.o(i.angle_lvbo)
    i.asinf                                  0x08002900   Section        0  asinf.o(i.asinf)
    i.atan2f                                 0x08002a24   Section        0  atan2f.o(i.atan2f)
    i.clr_speed                              0x08002c80   Section        0  crt.o(i.clr_speed)
    i.clr_trun                               0x08002d18   Section        0  crt.o(i.clr_trun)
    clr_trun                                 0x08002d19   Thumb Code    44  crt.o(i.clr_trun)
    i.crt                                    0x08002d4c   Section        0  crt.o(i.crt)
    i.csb_init                               0x08002e34   Section        0  csb.o(i.csb_init)
    i.delay_ms                               0x08002e7c   Section        0  systick.o(i.delay_ms)
    i.fputc                                  0x08002eb4   Section        0  serial.o(i.fputc)
    i.get_length                             0x08002ed8   Section        0  serial.o(i.get_length)
    i.iic_init                               0x08002ef8   Section        0  iic.o(i.iic_init)
    i.iic_rw                                 0x08002f7c   Section        0  iic.o(i.iic_rw)
    i.imuUpdate                              0x080030a0   Section        0  yijie.o(i.imuUpdate)
    i.invSqrt                                0x08003600   Section        0  yijie.o(i.invSqrt)
    i.limit_out                              0x0800364c   Section        0  crt.o(i.limit_out)
    limit_out                                0x0800364d   Thumb Code    12  crt.o(i.limit_out)
    i.limit_speed_out                        0x08003658   Section        0  crt.o(i.limit_speed_out)
    limit_speed_out                          0x08003659   Thumb Code    16  crt.o(i.limit_speed_out)
    i.lun_dir                                0x08003668   Section        0  crt.o(i.lun_dir)
    lun_dir                                  0x08003669   Thumb Code    20  crt.o(i.lun_dir)
    i.main                                   0x08003684   Section        0  main.o(i.main)
    i.mpu6050_get_data                       0x080038e4   Section        0  mpu6050.o(i.mpu6050_get_data)
    i.mpu6050_init                           0x08003986   Section        0  mpu6050.o(i.mpu6050_init)
    i.out_linear                             0x08003a14   Section        0  crt.o(i.out_linear)
    out_linear                               0x08003a15   Thumb Code    28  crt.o(i.out_linear)
    i.process_data                           0x08003a34   Section        0  serial.o(i.process_data)
    i.serial1_init                           0x08003a80   Section        0  serial.o(i.serial1_init)
    i.set_pwm                                0x08003b28   Section        0  crt.o(i.set_pwm)
    set_pwm                                  0x08003b29   Thumb Code   140  crt.o(i.set_pwm)
    i.speed_lvbo                             0x08003bbc   Section        0  crt.o(i.speed_lvbo)
    speed_lvbo                               0x08003bbd   Thumb Code   108  crt.o(i.speed_lvbo)
    i.sqrtf                                  0x08003c2c   Section        0  sqrtf.o(i.sqrtf)
    i.up_angle                               0x08003c58   Section        0  yijie.o(i.up_angle)
    i.up_btv                                 0x08003e04   Section        0  adc.o(i.up_btv)
    i.up_key                                 0x08003e34   Section        0  key.o(i.up_key)
    i.up_right                               0x08003e60   Section        0  crt.o(i.up_right)
    up_right                                 0x08003e61   Thumb Code    28  crt.o(i.up_right)
    i.update_state                           0x08003e80   Section        0  main.o(i.update_state)
    .data                                    0x20000000   Section        8  main.o(.data)
    .data                                    0x20000008   Section      104  yijie.o(.data)
    Kp                                       0x20000024   Data           4  yijie.o(.data)
    Ki                                       0x20000028   Data           4  yijie.o(.data)
    exInt                                    0x2000002c   Data           4  yijie.o(.data)
    eyInt                                    0x20000030   Data           4  yijie.o(.data)
    ezInt                                    0x20000034   Data           4  yijie.o(.data)
    q0                                       0x20000038   Data           4  yijie.o(.data)
    q1                                       0x2000003c   Data           4  yijie.o(.data)
    q2                                       0x20000040   Data           4  yijie.o(.data)
    q3                                       0x20000044   Data           4  yijie.o(.data)
    temperature                              0x20000060   Data           2  yijie.o(.data)
    vecxZ                                    0x20000064   Data           4  yijie.o(.data)
    vecyZ                                    0x20000068   Data           4  yijie.o(.data)
    veczZ                                    0x2000006c   Data           4  yijie.o(.data)
    .data                                    0x20000070   Section       28  crt.o(.data)
    cha                                      0x20000088   Data           4  crt.o(.data)
    .data                                    0x2000008c   Section        9  common.o(.data)
    .data                                    0x20000098   Section        5  timer.o(.data)
    .data                                    0x200000a0   Section        8  serial.o(.data)
    .data                                    0x200000a8   Section        2  adc.o(.data)
    .data                                    0x200000aa   Section       20  stm32f10x_rcc.o(.data)
    APBAHBPrescTable                         0x200000aa   Data          16  stm32f10x_rcc.o(.data)
    ADCPrescTable                            0x200000ba   Data           4  stm32f10x_rcc.o(.data)
    .data                                    0x200000c0   Section        4  stdout.o(.data)
    .data                                    0x200000c4   Section        4  errno.o(.data)
    _errno                                   0x200000c4   Data           4  errno.o(.data)
    .bss                                     0x200000c8   Section      204  yijie.o(.bss)
    angleX_buf                               0x200000c8   Data          60  yijie.o(.bss)
    angleY_buf                               0x20000104   Data          60  yijie.o(.bss)
    angleZ_buf                               0x20000140   Data          60  yijie.o(.bss)
    .bss                                     0x20000194   Section       96  crt.o(.bss)
    .bss                                     0x200001f4   Section       32  bluetooth.o(.bss)
    .bss                                     0x20000214   Section       35  serial.o(.bss)
    STACK                                    0x20000238   Section     1024  startup_stm32f10x_hd.o(STACK)

    Global Symbols

    Symbol Name                              Value     Ov Type        Size  Object(Section)

    BuildAttributes$$THM_ISAv4$P$D$K$B$S$PE$A:L22UL41UL21$X:L11$S22US41US21$IEEE1$IW$USESV6$~STKCKD$USESV7$~SHL$OTIME$ROPI$IEEEX$EBA8$MICROLIB$REQ8$PRES8$EABIv2 0x00000000   Number         0  anon$$obj.o ABSOLUTE
    __ARM_use_no_argv                        0x00000000   Number         0  main.o ABSOLUTE
    _printf_a                                0x00000000   Number         0  stubs.o ABSOLUTE
    _printf_c                                0x00000000   Number         0  stubs.o ABSOLUTE
    _printf_charcount                        0x00000000   Number         0  stubs.o ABSOLUTE
    _printf_d                                0x00000000   Number         0  stubs.o ABSOLUTE
    _printf_e                                0x00000000   Number         0  stubs.o ABSOLUTE
    _printf_f                                0x00000000   Number         0  stubs.o ABSOLUTE
    _printf_flags                            0x00000000   Number         0  stubs.o ABSOLUTE
    _printf_fp_dec                           0x00000000   Number         0  stubs.o ABSOLUTE
    _printf_fp_hex                           0x00000000   Number         0  stubs.o ABSOLUTE
    _printf_g                                0x00000000   Number         0  stubs.o ABSOLUTE
    _printf_i                                0x00000000   Number         0  stubs.o ABSOLUTE
    _printf_int_dec                          0x00000000   Number         0  stubs.o ABSOLUTE
    _printf_l                                0x00000000   Number         0  stubs.o ABSOLUTE
    _printf_lc                               0x00000000   Number         0  stubs.o ABSOLUTE
    _printf_ll                               0x00000000   Number         0  stubs.o ABSOLUTE
    _printf_lld                              0x00000000   Number         0  stubs.o ABSOLUTE
    _printf_lli                              0x00000000   Number         0  stubs.o ABSOLUTE
    _printf_llo                              0x00000000   Number         0  stubs.o ABSOLUTE
    _printf_llu                              0x00000000   Number         0  stubs.o ABSOLUTE
    _printf_llx                              0x00000000   Number         0  stubs.o ABSOLUTE
    _printf_longlong_dec                     0x00000000   Number         0  stubs.o ABSOLUTE
    _printf_longlong_hex                     0x00000000   Number         0  stubs.o ABSOLUTE
    _printf_longlong_oct                     0x00000000   Number         0  stubs.o ABSOLUTE
    _printf_ls                               0x00000000   Number         0  stubs.o ABSOLUTE
    _printf_mbtowc                           0x00000000   Number         0  stubs.o ABSOLUTE
    _printf_n                                0x00000000   Number         0  stubs.o ABSOLUTE
    _printf_o                                0x00000000   Number         0  stubs.o ABSOLUTE
    _printf_p                                0x00000000   Number         0  stubs.o ABSOLUTE
    _printf_percent                          0x00000000   Number         0  stubs.o ABSOLUTE
    _printf_pre_padding                      0x00000000   Number         0  stubs.o ABSOLUTE
    _printf_return_value                     0x00000000   Number         0  stubs.o ABSOLUTE
    _printf_s                                0x00000000   Number         0  stubs.o ABSOLUTE
    _printf_sizespec                         0x00000000   Number         0  stubs.o ABSOLUTE
    _printf_str                              0x00000000   Number         0  stubs.o ABSOLUTE
    _printf_truncate_signed                  0x00000000   Number         0  stubs.o ABSOLUTE
    _printf_truncate_unsigned                0x00000000   Number         0  stubs.o ABSOLUTE
    _printf_u                                0x00000000   Number         0  stubs.o ABSOLUTE
    _printf_wc                               0x00000000   Number         0  stubs.o ABSOLUTE
    _printf_wctomb                           0x00000000   Number         0  stubs.o ABSOLUTE
    _printf_widthprec                        0x00000000   Number         0  stubs.o ABSOLUTE
    _printf_x                                0x00000000   Number         0  stubs.o ABSOLUTE
    __cpp_initialize__aeabi_                  - Undefined Weak Reference
    __cxa_finalize                            - Undefined Weak Reference
    __decompress                              - Undefined Weak Reference
    _clock_init                               - Undefined Weak Reference
    _microlib_exit                            - Undefined Weak Reference
    __Vectors_Size                           0x00000130   Number         0  startup_stm32f10x_hd.o ABSOLUTE
    __Vectors                                0x08000000   Data           4  startup_stm32f10x_hd.o(RESET)
    __Vectors_End                            0x08000130   Data           0  startup_stm32f10x_hd.o(RESET)
    __main                                   0x08000131   Thumb Code     0  entry.o(.ARM.Collect$$$$00000000)
    _main_stk                                0x08000131   Thumb Code     0  entry2.o(.ARM.Collect$$$$00000001)
    _main_scatterload                        0x08000135   Thumb Code     0  entry5.o(.ARM.Collect$$$$00000004)
    __main_after_scatterload                 0x08000139   Thumb Code     0  entry5.o(.ARM.Collect$$$$00000004)
    _main_clock                              0x08000139   Thumb Code     0  entry7b.o(.ARM.Collect$$$$00000008)
    _main_cpp_init                           0x08000139   Thumb Code     0  entry8b.o(.ARM.Collect$$$$0000000A)
    _main_init                               0x08000139   Thumb Code     0  entry9a.o(.ARM.Collect$$$$0000000B)
    __rt_final_cpp                           0x08000141   Thumb Code     0  entry10a.o(.ARM.Collect$$$$0000000D)
    __rt_final_exit                          0x08000141   Thumb Code     0  entry11a.o(.ARM.Collect$$$$0000000F)
    Reset_Handler                            0x08000145   Thumb Code     8  startup_stm32f10x_hd.o(.text)
    ADC1_2_IRQHandler                        0x0800015f   Thumb Code     0  startup_stm32f10x_hd.o(.text)
    ADC3_IRQHandler                          0x0800015f   Thumb Code     0  startup_stm32f10x_hd.o(.text)
    CAN1_RX1_IRQHandler                      0x0800015f   Thumb Code     0  startup_stm32f10x_hd.o(.text)
    CAN1_SCE_IRQHandler                      0x0800015f   Thumb Code     0  startup_stm32f10x_hd.o(.text)
    DMA1_Channel1_IRQHandler                 0x0800015f   Thumb Code     0  startup_stm32f10x_hd.o(.text)
    DMA1_Channel2_IRQHandler                 0x0800015f   Thumb Code     0  startup_stm32f10x_hd.o(.text)
    DMA1_Channel3_IRQHandler                 0x0800015f   Thumb Code     0  startup_stm32f10x_hd.o(.text)
    DMA1_Channel4_IRQHandler                 0x0800015f   Thumb Code     0  startup_stm32f10x_hd.o(.text)
    DMA1_Channel5_IRQHandler                 0x0800015f   Thumb Code     0  startup_stm32f10x_hd.o(.text)
    DMA1_Channel6_IRQHandler                 0x0800015f   Thumb Code     0  startup_stm32f10x_hd.o(.text)
    DMA1_Channel7_IRQHandler                 0x0800015f   Thumb Code     0  startup_stm32f10x_hd.o(.text)
    DMA2_Channel1_IRQHandler                 0x0800015f   Thumb Code     0  startup_stm32f10x_hd.o(.text)
    DMA2_Channel2_IRQHandler                 0x0800015f   Thumb Code     0  startup_stm32f10x_hd.o(.text)
    DMA2_Channel3_IRQHandler                 0x0800015f   Thumb Code     0  startup_stm32f10x_hd.o(.text)
    DMA2_Channel4_5_IRQHandler               0x0800015f   Thumb Code     0  startup_stm32f10x_hd.o(.text)
    EXTI0_IRQHandler                         0x0800015f   Thumb Code     0  startup_stm32f10x_hd.o(.text)
    EXTI15_10_IRQHandler                     0x0800015f   Thumb Code     0  startup_stm32f10x_hd.o(.text)
    EXTI2_IRQHandler                         0x0800015f   Thumb Code     0  startup_stm32f10x_hd.o(.text)
    EXTI3_IRQHandler                         0x0800015f   Thumb Code     0  startup_stm32f10x_hd.o(.text)
    EXTI4_IRQHandler                         0x0800015f   Thumb Code     0  startup_stm32f10x_hd.o(.text)
    EXTI9_5_IRQHandler                       0x0800015f   Thumb Code     0  startup_stm32f10x_hd.o(.text)
    FLASH_IRQHandler                         0x0800015f   Thumb Code     0  startup_stm32f10x_hd.o(.text)
    FSMC_IRQHandler                          0x0800015f   Thumb Code     0  startup_stm32f10x_hd.o(.text)
    I2C1_ER_IRQHandler                       0x0800015f   Thumb Code     0  startup_stm32f10x_hd.o(.text)
    I2C1_EV_IRQHandler                       0x0800015f   Thumb Code     0  startup_stm32f10x_hd.o(.text)
    I2C2_ER_IRQHandler                       0x0800015f   Thumb Code     0  startup_stm32f10x_hd.o(.text)
    I2C2_EV_IRQHandler                       0x0800015f   Thumb Code     0  startup_stm32f10x_hd.o(.text)
    PVD_IRQHandler                           0x0800015f   Thumb Code     0  startup_stm32f10x_hd.o(.text)
    RCC_IRQHandler                           0x0800015f   Thumb Code     0  startup_stm32f10x_hd.o(.text)
    RTCAlarm_IRQHandler                      0x0800015f   Thumb Code     0  startup_stm32f10x_hd.o(.text)
    RTC_IRQHandler                           0x0800015f   Thumb Code     0  startup_stm32f10x_hd.o(.text)
    SDIO_IRQHandler                          0x0800015f   Thumb Code     0  startup_stm32f10x_hd.o(.text)
    SPI1_IRQHandler                          0x0800015f   Thumb Code     0  startup_stm32f10x_hd.o(.text)
    SPI2_IRQHandler                          0x0800015f   Thumb Code     0  startup_stm32f10x_hd.o(.text)
    SPI3_IRQHandler                          0x0800015f   Thumb Code     0  startup_stm32f10x_hd.o(.text)
    TAMPER_IRQHandler                        0x0800015f   Thumb Code     0  startup_stm32f10x_hd.o(.text)
    TIM1_BRK_IRQHandler                      0x0800015f   Thumb Code     0  startup_stm32f10x_hd.o(.text)
    TIM1_CC_IRQHandler                       0x0800015f   Thumb Code     0  startup_stm32f10x_hd.o(.text)
    TIM1_TRG_COM_IRQHandler                  0x0800015f   Thumb Code     0  startup_stm32f10x_hd.o(.text)
    TIM1_UP_IRQHandler                       0x0800015f   Thumb Code     0  startup_stm32f10x_hd.o(.text)
    TIM2_IRQHandler                          0x0800015f   Thumb Code     0  startup_stm32f10x_hd.o(.text)
    TIM3_IRQHandler                          0x0800015f   Thumb Code     0  startup_stm32f10x_hd.o(.text)
    TIM5_IRQHandler                          0x0800015f   Thumb Code     0  startup_stm32f10x_hd.o(.text)
    TIM6_IRQHandler                          0x0800015f   Thumb Code     0  startup_stm32f10x_hd.o(.text)
    TIM7_IRQHandler                          0x0800015f   Thumb Code     0  startup_stm32f10x_hd.o(.text)
    TIM8_BRK_IRQHandler                      0x0800015f   Thumb Code     0  startup_stm32f10x_hd.o(.text)
    TIM8_CC_IRQHandler                       0x0800015f   Thumb Code     0  startup_stm32f10x_hd.o(.text)
    TIM8_TRG_COM_IRQHandler                  0x0800015f   Thumb Code     0  startup_stm32f10x_hd.o(.text)
    TIM8_UP_IRQHandler                       0x0800015f   Thumb Code     0  startup_stm32f10x_hd.o(.text)
    UART4_IRQHandler                         0x0800015f   Thumb Code     0  startup_stm32f10x_hd.o(.text)
    UART5_IRQHandler                         0x0800015f   Thumb Code     0  startup_stm32f10x_hd.o(.text)
    USART3_IRQHandler                        0x0800015f   Thumb Code     0  startup_stm32f10x_hd.o(.text)
    USBWakeUp_IRQHandler                     0x0800015f   Thumb Code     0  startup_stm32f10x_hd.o(.text)
    USB_HP_CAN1_TX_IRQHandler                0x0800015f   Thumb Code     0  startup_stm32f10x_hd.o(.text)
    USB_LP_CAN1_RX0_IRQHandler               0x0800015f   Thumb Code     0  startup_stm32f10x_hd.o(.text)
    WWDG_IRQHandler                          0x0800015f   Thumb Code     0  startup_stm32f10x_hd.o(.text)
    __aeabi_fadd                             0x08000169   Thumb Code   164  fadd.o(.text)
    __aeabi_fsub                             0x0800020d   Thumb Code     6  fadd.o(.text)
    __aeabi_frsub                            0x08000213   Thumb Code     6  fadd.o(.text)
    __aeabi_fmul                             0x08000219   Thumb Code   100  fmul.o(.text)
    __aeabi_fdiv                             0x0800027d   Thumb Code   124  fdiv.o(.text)
    __aeabi_dadd                             0x080002f9   Thumb Code   322  dadd.o(.text)
    __aeabi_dsub                             0x0800043b   Thumb Code     6  dadd.o(.text)
    __aeabi_drsub                            0x08000441   Thumb Code     6  dadd.o(.text)
    __aeabi_dmul                             0x08000447   Thumb Code   228  dmul.o(.text)
    __aeabi_ddiv                             0x0800052b   Thumb Code   222  ddiv.o(.text)
    __aeabi_i2f                              0x08000609   Thumb Code    18  fflti.o(.text)
    __aeabi_ui2f                             0x0800061b   Thumb Code    10  ffltui.o(.text)
    __aeabi_i2d                              0x08000625   Thumb Code    34  dflti.o(.text)
    __aeabi_f2iz                             0x08000647   Thumb Code    50  ffixi.o(.text)
    __aeabi_f2d                              0x08000679   Thumb Code    38  f2d.o(.text)
    __aeabi_d2f                              0x0800069f   Thumb Code    56  d2f.o(.text)
    __aeabi_cfcmpeq                          0x080006d9   Thumb Code     0  cfcmple.o(.text)
    __aeabi_cfcmple                          0x080006d9   Thumb Code    20  cfcmple.o(.text)
    __aeabi_cfrcmple                         0x080006ed   Thumb Code    20  cfrcmple.o(.text)
    __aeabi_uidiv                            0x08000701   Thumb Code     0  uidiv.o(.text)
    __aeabi_uidivmod                         0x08000701   Thumb Code    44  uidiv.o(.text)
    __aeabi_uldivmod                         0x0800072d   Thumb Code    98  uldiv.o(.text)
    __aeabi_llsl                             0x0800078f   Thumb Code    30  llshl.o(.text)
    _ll_shift_l                              0x0800078f   Thumb Code     0  llshl.o(.text)
    __aeabi_lasr                             0x080007ad   Thumb Code    36  llsshr.o(.text)
    _ll_sshift_r                             0x080007ad   Thumb Code     0  llsshr.o(.text)
    __I$use$fp                               0x080007d1   Thumb Code     0  iusefp.o(.text)
    _float_round                             0x080007d1   Thumb Code    18  fepilogue.o(.text)
    _float_epilogue                          0x080007e3   Thumb Code    92  fepilogue.o(.text)
    __ARM_scalbnf                            0x0800083f   Thumb Code    24  fscalb.o(.text)
    scalbnf                                  0x0800083f   Thumb Code     0  fscalb.o(.text)
    _double_round                            0x08000857   Thumb Code    30  depilogue.o(.text)
    _double_epilogue                         0x08000875   Thumb Code   156  depilogue.o(.text)
    __aeabi_d2ulz                            0x08000911   Thumb Code    48  dfixul.o(.text)
    __aeabi_cdrcmple                         0x08000941   Thumb Code    48  cdrcmple.o(.text)
    __scatterload                            0x08000971   Thumb Code    28  init.o(.text)
    __scatterload_rt2                        0x08000971   Thumb Code     0  init.o(.text)
    __aeabi_llsr                             0x08000995   Thumb Code    32  llushr.o(.text)
    _ll_ushift_r                             0x08000995   Thumb Code     0  llushr.o(.text)
    _fsqrt                                   0x080009b5   Thumb Code    94  fsqrt.o(.text)
    A4988_en                                 0x08000a15   Thumb Code    12  a4988.o(i.A4988_en)
    A4988_init                               0x08000a29   Thumb Code   328  a4988.o(i.A4988_init)
    ADC_Cmd                                  0x08000b7d   Thumb Code    22  stm32f10x_adc.o(i.ADC_Cmd)
    ADC_DeInit                               0x08000b95   Thumb Code    78  stm32f10x_adc.o(i.ADC_DeInit)
    ADC_GetCalibrationStatus                 0x08000bf1   Thumb Code    20  stm32f10x_adc.o(i.ADC_GetCalibrationStatus)
    ADC_GetConversionValue                   0x08000c05   Thumb Code     8  stm32f10x_adc.o(i.ADC_GetConversionValue)
    ADC_GetFlagStatus                        0x08000c0d   Thumb Code    18  stm32f10x_adc.o(i.ADC_GetFlagStatus)
    ADC_GetResetCalibrationStatus            0x08000c1f   Thumb Code    20  stm32f10x_adc.o(i.ADC_GetResetCalibrationStatus)
    ADC_Init                                 0x08000c35   Thumb Code    70  stm32f10x_adc.o(i.ADC_Init)
    ADC_RegularChannelConfig                 0x08000c85   Thumb Code   184  stm32f10x_adc.o(i.ADC_RegularChannelConfig)
    ADC_ResetCalibration                     0x08000d3d   Thumb Code    10  stm32f10x_adc.o(i.ADC_ResetCalibration)
    ADC_SoftwareStartConvCmd                 0x08000d47   Thumb Code    22  stm32f10x_adc.o(i.ADC_SoftwareStartConvCmd)
    ADC_StartCalibration                     0x08000d5d   Thumb Code    10  stm32f10x_adc.o(i.ADC_StartCalibration)
    Adc_Init                                 0x08000d69   Thumb Code   132  adc.o(i.Adc_Init)
    BusFault_Handler                         0x08000df5   Thumb Code     4  stm32f10x_it.o(i.BusFault_Handler)
    ClearCtrParam                            0x08000df9   Thumb Code    32  crt.o(i.ClearCtrParam)
    DebugMon_Handler                         0x08000e1d   Thumb Code     2  stm32f10x_it.o(i.DebugMon_Handler)
    EXTI1_IRQHandler                         0x08000e1f   Thumb Code     2  stm32f10x_it.o(i.EXTI1_IRQHandler)
    GPIO_Init                                0x08000e21   Thumb Code   278  stm32f10x_gpio.o(i.GPIO_Init)
    GPIO_PinRemapConfig                      0x08000f39   Thumb Code   138  stm32f10x_gpio.o(i.GPIO_PinRemapConfig)
    GPIO_SetBits                             0x08000fc9   Thumb Code     4  stm32f10x_gpio.o(i.GPIO_SetBits)
    Get_Adc                                  0x08000fcd   Thumb Code    46  adc.o(i.Get_Adc)
    Get_Adc_Average                          0x08001001   Thumb Code    42  adc.o(i.Get_Adc_Average)
    HardFault_Handler                        0x0800102b   Thumb Code     4  stm32f10x_it.o(i.HardFault_Handler)
    I2C_AcknowledgeConfig                    0x0800102f   Thumb Code    24  stm32f10x_i2c.o(i.I2C_AcknowledgeConfig)
    I2C_CheckEvent                           0x08001047   Thumb Code    42  stm32f10x_i2c.o(i.I2C_CheckEvent)
    I2C_Cmd                                  0x08001071   Thumb Code    24  stm32f10x_i2c.o(i.I2C_Cmd)
    I2C_DeInit                               0x08001089   Thumb Code    50  stm32f10x_i2c.o(i.I2C_DeInit)
    I2C_GenerateSTART                        0x080010c1   Thumb Code    24  stm32f10x_i2c.o(i.I2C_GenerateSTART)
    I2C_GenerateSTOP                         0x080010d9   Thumb Code    24  stm32f10x_i2c.o(i.I2C_GenerateSTOP)
    I2C_Init                                 0x080010f1   Thumb Code   222  stm32f10x_i2c.o(i.I2C_Init)
    I2C_ReceiveData                          0x080011dd   Thumb Code     8  stm32f10x_i2c.o(i.I2C_ReceiveData)
    I2C_Send7bitAddress                      0x080011e5   Thumb Code    18  stm32f10x_i2c.o(i.I2C_Send7bitAddress)
    I2C_SendData                             0x080011f7   Thumb Code     4  stm32f10x_i2c.o(i.I2C_SendData)
    KEY_Init                                 0x080011fd   Thumb Code    38  key.o(i.KEY_Init)
    LED_init                                 0x08001229   Thumb Code   346  led.o(i.LED_init)
    MemManage_Handler                        0x0800139d   Thumb Code     4  stm32f10x_it.o(i.MemManage_Handler)
    NMI_Handler                              0x080013a1   Thumb Code     2  stm32f10x_it.o(i.NMI_Handler)
    NRF24L01_Configuration                   0x080013a5   Thumb Code   144  nrf24l01.o(i.NRF24L01_Configuration)
    NVIC_Init                                0x08001441   Thumb Code   100  misc.o(i.NVIC_Init)
    PendSV_Handler                           0x080014b1   Thumb Code     2  stm32f10x_it.o(i.PendSV_Handler)
    RCC_ADCCLKConfig                         0x080014b5   Thumb Code    18  stm32f10x_rcc.o(i.RCC_ADCCLKConfig)
    RCC_APB1PeriphClockCmd                   0x080014cd   Thumb Code    26  stm32f10x_rcc.o(i.RCC_APB1PeriphClockCmd)
    RCC_APB1PeriphResetCmd                   0x080014ed   Thumb Code    26  stm32f10x_rcc.o(i.RCC_APB1PeriphResetCmd)
    RCC_APB2PeriphClockCmd                   0x0800150d   Thumb Code    26  stm32f10x_rcc.o(i.RCC_APB2PeriphClockCmd)
    RCC_APB2PeriphResetCmd                   0x0800152d   Thumb Code    26  stm32f10x_rcc.o(i.RCC_APB2PeriphResetCmd)
    RCC_GetClocksFreq                        0x0800154d   Thumb Code   192  stm32f10x_rcc.o(i.RCC_GetClocksFreq)
    SPI_Cmd                                  0x08001621   Thumb Code    24  stm32f10x_spi.o(i.SPI_Cmd)
    SPI_Config                               0x08001639   Thumb Code   170  spi.o(i.SPI_Config)
    SPI_Init                                 0x080016f5   Thumb Code    60  stm32f10x_spi.o(i.SPI_Init)
    SVC_Handler                              0x08001731   Thumb Code     2  stm32f10x_it.o(i.SVC_Handler)
    SysTick_Handler                          0x0800181d   Thumb Code     2  stm32f10x_it.o(i.SysTick_Handler)
    SystemInit                               0x08001821   Thumb Code    78  system_stm32f10x.o(i.SystemInit)
    TIM4_IRQHandler                          0x08001881   Thumb Code    50  timer.o(i.TIM4_IRQHandler)
    TIM4_Int_Init                            0x080018c1   Thumb Code    92  timer.o(i.TIM4_Int_Init)
    TIM_ARRPreloadConfig                     0x08001921   Thumb Code    24  stm32f10x_tim.o(i.TIM_ARRPreloadConfig)
    TIM_ClearITPendingBit                    0x08001939   Thumb Code     6  stm32f10x_tim.o(i.TIM_ClearITPendingBit)
    TIM_Cmd                                  0x0800193f   Thumb Code    24  stm32f10x_tim.o(i.TIM_Cmd)
    TIM_CtrlPWMOutputs                       0x08001957   Thumb Code    30  stm32f10x_tim.o(i.TIM_CtrlPWMOutputs)
    TIM_GetITStatus                          0x08001975   Thumb Code    34  stm32f10x_tim.o(i.TIM_GetITStatus)
    TIM_ITConfig                             0x08001997   Thumb Code    18  stm32f10x_tim.o(i.TIM_ITConfig)
    TIM_OC1Init                              0x080019a9   Thumb Code   132  stm32f10x_tim.o(i.TIM_OC1Init)
    TIM_OC1PreloadConfig                     0x08001a41   Thumb Code    18  stm32f10x_tim.o(i.TIM_OC1PreloadConfig)
    TIM_OC4Init                              0x08001a55   Thumb Code   114  stm32f10x_tim.o(i.TIM_OC4Init)
    TIM_OC4PreloadConfig                     0x08001ad1   Thumb Code    26  stm32f10x_tim.o(i.TIM_OC4PreloadConfig)
    TIM_TimeBaseInit                         0x08001aed   Thumb Code   122  stm32f10x_tim.o(i.TIM_TimeBaseInit)
    USART1_IRQHandler                        0x08001b91   Thumb Code   160  serial.o(i.USART1_IRQHandler)
    USART2_IRQHandler                        0x08001c49   Thumb Code    34  serial.o(i.USART2_IRQHandler)
    USART_ClearFlag                          0x08001c71   Thumb Code    18  stm32f10x_usart.o(i.USART_ClearFlag)
    USART_Cmd                                0x08001c83   Thumb Code    24  stm32f10x_usart.o(i.USART_Cmd)
    USART_DeInit                             0x08001c9d   Thumb Code   134  stm32f10x_usart.o(i.USART_DeInit)
    USART_GetFlagStatus                      0x08001d39   Thumb Code    26  stm32f10x_usart.o(i.USART_GetFlagStatus)
    USART_GetITStatus                        0x08001d53   Thumb Code    84  stm32f10x_usart.o(i.USART_GetITStatus)
    USART_ITConfig                           0x08001da7   Thumb Code    74  stm32f10x_usart.o(i.USART_ITConfig)
    USART_Init                               0x08001df1   Thumb Code   210  stm32f10x_usart.o(i.USART_Init)
    USART_ReceiveData                        0x08001ec9   Thumb Code    10  stm32f10x_usart.o(i.USART_ReceiveData)
    USART_SendData                           0x08001ed3   Thumb Code     8  stm32f10x_usart.o(i.USART_SendData)
    UsageFault_Handler                       0x08001edb   Thumb Code     4  stm32f10x_it.o(i.UsageFault_Handler)
    __0printf                                0x08001ee1   Thumb Code    22  printfa.o(i.__0printf)
    __1printf                                0x08001ee1   Thumb Code     0  printfa.o(i.__0printf)
    __2printf                                0x08001ee1   Thumb Code     0  printfa.o(i.__0printf)
    __c89printf                              0x08001ee1   Thumb Code     0  printfa.o(i.__0printf)
    printf                                   0x08001ee1   Thumb Code     0  printfa.o(i.__0printf)
    __ARM_fpclassifyf                        0x08001f01   Thumb Code    38  fpclassifyf.o(i.__ARM_fpclassifyf)
    __mathlib_flt_infnan                     0x08001f27   Thumb Code     6  funder.o(i.__mathlib_flt_infnan)
    __mathlib_flt_infnan2                    0x08001f2d   Thumb Code     4  funder.o(i.__mathlib_flt_infnan2)
    __mathlib_flt_invalid                    0x08001f31   Thumb Code     8  funder.o(i.__mathlib_flt_invalid)
    __mathlib_flt_underflow                  0x08001f39   Thumb Code    10  funder.o(i.__mathlib_flt_underflow)
    __scatterload_copy                       0x08001f43   Thumb Code    14  handlers.o(i.__scatterload_copy)
    __scatterload_null                       0x08001f51   Thumb Code     2  handlers.o(i.__scatterload_null)
    __scatterload_zeroinit                   0x08001f53   Thumb Code    14  handlers.o(i.__scatterload_zeroinit)
    __set_errno                              0x08001f61   Thumb Code     6  errno.o(i.__set_errno)
    asinf                                    0x08002901   Thumb Code   254  asinf.o(i.asinf)
    atan2f                                   0x08002a25   Thumb Code   528  atan2f.o(i.atan2f)
    clr_speed                                0x08002c81   Thumb Code   126  crt.o(i.clr_speed)
    crt                                      0x08002d4d   Thumb Code   214  crt.o(i.crt)
    csb_init                                 0x08002e35   Thumb Code    68  csb.o(i.csb_init)
    delay_ms                                 0x08002e7d   Thumb Code    56  systick.o(i.delay_ms)
    fputc                                    0x08002eb5   Thumb Code    32  serial.o(i.fputc)
    get_length                               0x08002ed9   Thumb Code    30  serial.o(i.get_length)
    iic_init                                 0x08002ef9   Thumb Code   120  iic.o(i.iic_init)
    iic_rw                                   0x08002f7d   Thumb Code   278  iic.o(i.iic_rw)
    imuUpdate                                0x080030a1   Thumb Code  1332  yijie.o(i.imuUpdate)
    invSqrt                                  0x08003601   Thumb Code    72  yijie.o(i.invSqrt)
    main                                     0x08003685   Thumb Code   436  main.o(i.main)
    mpu6050_get_data                         0x080038e5   Thumb Code   162  mpu6050.o(i.mpu6050_get_data)
    mpu6050_init                             0x08003987   Thumb Code   142  mpu6050.o(i.mpu6050_init)
    process_data                             0x08003a35   Thumb Code    68  serial.o(i.process_data)
    serial1_init                             0x08003a81   Thumb Code   160  serial.o(i.serial1_init)
    sqrtf                                    0x08003c2d   Thumb Code    44  sqrtf.o(i.sqrtf)
    up_angle                                 0x08003c59   Thumb Code   352  yijie.o(i.up_angle)
    up_btv                                   0x08003e05   Thumb Code    44  adc.o(i.up_btv)
    up_key                                   0x08003e35   Thumb Code    38  key.o(i.up_key)
    update_state                             0x08003e81   Thumb Code    54  main.o(i.update_state)
    Region$$Table$$Base                      0x08003ec0   Number         0  anon$$obj.o(Region$$Table)
    Region$$Table$$Limit                     0x08003ee0   Number         0  anon$$obj.o(Region$$Table)
    run_state                                0x20000000   Data           1  main.o(.data)
    Mcount                                   0x20000004   Data           4  main.o(.data)
    Accel_X                                  0x20000008   Data           2  yijie.o(.data)
    Accel_Y                                  0x2000000a   Data           2  yijie.o(.data)
    Accel_Z                                  0x2000000c   Data           2  yijie.o(.data)
    Gyro_X                                   0x2000000e   Data           2  yijie.o(.data)
    Gyro_Y                                   0x20000010   Data           2  yijie.o(.data)
    Gyro_Z                                   0x20000012   Data           2  yijie.o(.data)
    A_X                                      0x20000014   Data           2  yijie.o(.data)
    A_Y                                      0x20000016   Data           2  yijie.o(.data)
    A_Z                                      0x20000018   Data           2  yijie.o(.data)
    S_Pitch                                  0x2000001c   Data           4  yijie.o(.data)
    S_Roll                                   0x20000020   Data           4  yijie.o(.data)
    S_Yaw                                    0x20000048   Data           4  yijie.o(.data)
    Xgyro                                    0x2000004c   Data           4  yijie.o(.data)
    Ygyro                                    0x20000050   Data           4  yijie.o(.data)
    Zgyro                                    0x20000054   Data           4  yijie.o(.data)
    _angle_dot                               0x20000058   Data           4  yijie.o(.data)
    _angle                                   0x2000005c   Data           4  yijie.o(.data)
    cha1                                     0x20000070   Data           4  crt.o(.data)
    up_kp                                    0x20000074   Data           4  crt.o(.data)
    speed_kp                                 0x20000078   Data           4  crt.o(.data)
    speed_ki                                 0x2000007c   Data           4  crt.o(.data)
    trun_kp                                  0x20000080   Data           4  crt.o(.data)
    bizhang_state                            0x20000084   Data           1  crt.o(.data)
    genshui_state                            0x20000085   Data           1  crt.o(.data)
    SysParam                                 0x2000008c   Data           8  common.o(.data)
    ALL_flag                                 0x20000094   Data           1  common.o(.data)
    Tcount                                   0x20000098   Data           4  timer.o(.data)
    Main_run                                 0x2000009c   Data           1  timer.o(.data)
    Uart                                     0x200000a0   Data           2  serial.o(.data)
    dataControl                              0x200000a2   Data           1  serial.o(.data)
    dataCheck                                0x200000a3   Data           1  serial.o(.data)
    pProtocolData                            0x200000a4   Data           4  serial.o(.data)
    btv                                      0x200000a8   Data           2  adc.o(.data)
    __stdout                                 0x200000c0   Data           4  stdout.o(.data)
    acc                                      0x2000017c   Data          12  yijie.o(.bss)
    gyo                                      0x20000188   Data          12  yijie.o(.bss)
    CtrParam                                 0x20000194   Data          96  crt.o(.bss)
    BluetoothData                            0x200001f4   Data           9  bluetooth.o(.bss)
    BluetoothKeyHandle                       0x20000200   Data          20  bluetooth.o(.bss)
    ProtocolData                             0x20000214   Data          19  serial.o(.bss)
    dataArray                                0x20000227   Data          16  serial.o(.bss)
    __initial_sp                             0x20000638   Data           0  startup_stm32f10x_hd.o(STACK)



==============================================================================

Memory Map of the image

  Image Entry point : 0x08000131

  Load Region LR_IROM1 (Base: 0x08000000, Size: 0x00003fa8, Max: 0x00010000, ABSOLUTE)

    Execution Region ER_IROM1 (Base: 0x08000000, Size: 0x00003ee0, Max: 0x00010000, ABSOLUTE)

    Base Addr    Size         Type   Attr      Idx    E Section Name        Object

    0x08000000   0x00000130   Data   RO         2852    RESET               startup_stm32f10x_hd.o
    0x08000130   0x00000000   Code   RO         2881  * .ARM.Collect$$$$00000000  mc_w.l(entry.o)
    0x08000130   0x00000004   Code   RO         3222    .ARM.Collect$$$$00000001  mc_w.l(entry2.o)
    0x08000134   0x00000004   Code   RO         3225    .ARM.Collect$$$$00000004  mc_w.l(entry5.o)
    0x08000138   0x00000000   Code   RO         3227    .ARM.Collect$$$$00000008  mc_w.l(entry7b.o)
    0x08000138   0x00000000   Code   RO         3229    .ARM.Collect$$$$0000000A  mc_w.l(entry8b.o)
    0x08000138   0x00000008   Code   RO         3230    .ARM.Collect$$$$0000000B  mc_w.l(entry9a.o)
    0x08000140   0x00000000   Code   RO         3232    .ARM.Collect$$$$0000000D  mc_w.l(entry10a.o)
    0x08000140   0x00000000   Code   RO         3234    .ARM.Collect$$$$0000000F  mc_w.l(entry11a.o)
    0x08000140   0x00000004   Code   RO         3223    .ARM.Collect$$$$00002712  mc_w.l(entry2.o)
    0x08000144   0x00000024   Code   RO         2853    .text               startup_stm32f10x_hd.o
    0x08000168   0x000000b0   Code   RO         3145    .text               mf_w.l(fadd.o)
    0x08000218   0x00000064   Code   RO         3147    .text               mf_w.l(fmul.o)
    0x0800027c   0x0000007c   Code   RO         3149    .text               mf_w.l(fdiv.o)
    0x080002f8   0x0000014e   Code   RO         3151    .text               mf_w.l(dadd.o)
    0x08000446   0x000000e4   Code   RO         3153    .text               mf_w.l(dmul.o)
    0x0800052a   0x000000de   Code   RO         3155    .text               mf_w.l(ddiv.o)
    0x08000608   0x00000012   Code   RO         3157    .text               mf_w.l(fflti.o)
    0x0800061a   0x0000000a   Code   RO         3159    .text               mf_w.l(ffltui.o)
    0x08000624   0x00000022   Code   RO         3161    .text               mf_w.l(dflti.o)
    0x08000646   0x00000032   Code   RO         3163    .text               mf_w.l(ffixi.o)
    0x08000678   0x00000026   Code   RO         3165    .text               mf_w.l(f2d.o)
    0x0800069e   0x00000038   Code   RO         3167    .text               mf_w.l(d2f.o)
    0x080006d6   0x00000002   PAD
    0x080006d8   0x00000014   Code   RO         3169    .text               mf_w.l(cfcmple.o)
    0x080006ec   0x00000014   Code   RO         3171    .text               mf_w.l(cfrcmple.o)
    0x08000700   0x0000002c   Code   RO         3237    .text               mc_w.l(uidiv.o)
    0x0800072c   0x00000062   Code   RO         3239    .text               mc_w.l(uldiv.o)
    0x0800078e   0x0000001e   Code   RO         3241    .text               mc_w.l(llshl.o)
    0x080007ac   0x00000024   Code   RO         3243    .text               mc_w.l(llsshr.o)
    0x080007d0   0x00000000   Code   RO         3252    .text               mc_w.l(iusefp.o)
    0x080007d0   0x0000006e   Code   RO         3253    .text               mf_w.l(fepilogue.o)
    0x0800083e   0x00000018   Code   RO         3255    .text               mf_w.l(fscalb.o)
    0x08000856   0x000000ba   Code   RO         3257    .text               mf_w.l(depilogue.o)
    0x08000910   0x00000030   Code   RO         3259    .text               mf_w.l(dfixul.o)
    0x08000940   0x00000030   Code   RO         3261    .text               mf_w.l(cdrcmple.o)
    0x08000970   0x00000024   Code   RO         3267    .text               mc_w.l(init.o)
    0x08000994   0x00000020   Code   RO         3269    .text               mc_w.l(llushr.o)
    0x080009b4   0x0000005e   Code   RO         3271    .text               mf_w.l(fsqrt.o)
    0x08000a12   0x00000002   PAD
    0x08000a14   0x00000014   Code   RO          297    i.A4988_en          a4988.o
    0x08000a28   0x00000154   Code   RO          298    i.A4988_init        a4988.o
    0x08000b7c   0x00000016   Code   RO         2348    i.ADC_Cmd           stm32f10x_adc.o
    0x08000b92   0x00000002   PAD
    0x08000b94   0x0000005c   Code   RO         2350    i.ADC_DeInit        stm32f10x_adc.o
    0x08000bf0   0x00000014   Code   RO         2356    i.ADC_GetCalibrationStatus  stm32f10x_adc.o
    0x08000c04   0x00000008   Code   RO         2357    i.ADC_GetConversionValue  stm32f10x_adc.o
    0x08000c0c   0x00000012   Code   RO         2359    i.ADC_GetFlagStatus  stm32f10x_adc.o
    0x08000c1e   0x00000014   Code   RO         2362    i.ADC_GetResetCalibrationStatus  stm32f10x_adc.o
    0x08000c32   0x00000002   PAD
    0x08000c34   0x00000050   Code   RO         2366    i.ADC_Init          stm32f10x_adc.o
    0x08000c84   0x000000b8   Code   RO         2370    i.ADC_RegularChannelConfig  stm32f10x_adc.o
    0x08000d3c   0x0000000a   Code   RO         2371    i.ADC_ResetCalibration  stm32f10x_adc.o
    0x08000d46   0x00000016   Code   RO         2373    i.ADC_SoftwareStartConvCmd  stm32f10x_adc.o
    0x08000d5c   0x0000000a   Code   RO         2375    i.ADC_StartCalibration  stm32f10x_adc.o
    0x08000d66   0x00000002   PAD
    0x08000d68   0x0000008c   Code   RO          917    i.Adc_Init          adc.o
    0x08000df4   0x00000004   Code   RO          691    i.BusFault_Handler  stm32f10x_it.o
    0x08000df8   0x00000024   Code   RO          381    i.ClearCtrParam     crt.o
    0x08000e1c   0x00000002   Code   RO          692    i.DebugMon_Handler  stm32f10x_it.o
    0x08000e1e   0x00000002   Code   RO          693    i.EXTI1_IRQHandler  stm32f10x_it.o
    0x08000e20   0x00000116   Code   RO         1126    i.GPIO_Init         stm32f10x_gpio.o
    0x08000f36   0x00000002   PAD
    0x08000f38   0x00000090   Code   RO         1128    i.GPIO_PinRemapConfig  stm32f10x_gpio.o
    0x08000fc8   0x00000004   Code   RO         1134    i.GPIO_SetBits      stm32f10x_gpio.o
    0x08000fcc   0x00000034   Code   RO          918    i.Get_Adc           adc.o
    0x08001000   0x0000002a   Code   RO          919    i.Get_Adc_Average   adc.o
    0x0800102a   0x00000004   Code   RO          694    i.HardFault_Handler  stm32f10x_it.o
    0x0800102e   0x00000018   Code   RO         2637    i.I2C_AcknowledgeConfig  stm32f10x_i2c.o
    0x08001046   0x0000002a   Code   RO         2639    i.I2C_CheckEvent    stm32f10x_i2c.o
    0x08001070   0x00000018   Code   RO         2642    i.I2C_Cmd           stm32f10x_i2c.o
    0x08001088   0x00000038   Code   RO         2645    i.I2C_DeInit        stm32f10x_i2c.o
    0x080010c0   0x00000018   Code   RO         2649    i.I2C_GenerateSTART  stm32f10x_i2c.o
    0x080010d8   0x00000018   Code   RO         2650    i.I2C_GenerateSTOP  stm32f10x_i2c.o
    0x080010f0   0x000000ec   Code   RO         2656    i.I2C_Init          stm32f10x_i2c.o
    0x080011dc   0x00000008   Code   RO         2661    i.I2C_ReceiveData   stm32f10x_i2c.o
    0x080011e4   0x00000012   Code   RO         2663    i.I2C_Send7bitAddress  stm32f10x_i2c.o
    0x080011f6   0x00000004   Code   RO         2664    i.I2C_SendData      stm32f10x_i2c.o
    0x080011fa   0x00000002   PAD
    0x080011fc   0x0000002c   Code   RO          953    i.KEY_Init          key.o
    0x08001228   0x00000174   Code   RO          760    i.LED_init          led.o
    0x0800139c   0x00000004   Code   RO          695    i.MemManage_Handler  stm32f10x_it.o
    0x080013a0   0x00000002   Code   RO          696    i.NMI_Handler       stm32f10x_it.o
    0x080013a2   0x00000002   PAD
    0x080013a4   0x0000009c   Code   RO          533    i.NRF24L01_Configuration  nrf24l01.o
    0x08001440   0x00000070   Code   RO         1614    i.NVIC_Init         misc.o
    0x080014b0   0x00000002   Code   RO          697    i.PendSV_Handler    stm32f10x_it.o
    0x080014b2   0x00000002   PAD
    0x080014b4   0x00000018   Code   RO         1234    i.RCC_ADCCLKConfig  stm32f10x_rcc.o
    0x080014cc   0x00000020   Code   RO         1236    i.RCC_APB1PeriphClockCmd  stm32f10x_rcc.o
    0x080014ec   0x00000020   Code   RO         1237    i.RCC_APB1PeriphResetCmd  stm32f10x_rcc.o
    0x0800150c   0x00000020   Code   RO         1238    i.RCC_APB2PeriphClockCmd  stm32f10x_rcc.o
    0x0800152c   0x00000020   Code   RO         1239    i.RCC_APB2PeriphResetCmd  stm32f10x_rcc.o
    0x0800154c   0x000000d4   Code   RO         1246    i.RCC_GetClocksFreq  stm32f10x_rcc.o
    0x08001620   0x00000018   Code   RO         1655    i.SPI_Cmd           stm32f10x_spi.o
    0x08001638   0x000000bc   Code   RO          992    i.SPI_Config        spi.o
    0x080016f4   0x0000003c   Code   RO         1668    i.SPI_Init          stm32f10x_spi.o
    0x08001730   0x00000002   Code   RO          698    i.SVC_Handler       stm32f10x_it.o
    0x08001732   0x00000008   Code   RO         1013    i.SetSysClock       system_stm32f10x.o
    0x0800173a   0x00000002   PAD
    0x0800173c   0x000000e0   Code   RO         1014    i.SetSysClockTo72   system_stm32f10x.o
    0x0800181c   0x00000002   Code   RO          699    i.SysTick_Handler   stm32f10x_it.o
    0x0800181e   0x00000002   PAD
    0x08001820   0x00000060   Code   RO         1016    i.SystemInit        system_stm32f10x.o
    0x08001880   0x00000040   Code   RO          775    i.TIM4_IRQHandler   timer.o
    0x080018c0   0x00000060   Code   RO          776    i.TIM4_Int_Init     timer.o
    0x08001920   0x00000018   Code   RO         1798    i.TIM_ARRPreloadConfig  stm32f10x_tim.o
    0x08001938   0x00000006   Code   RO         1805    i.TIM_ClearITPendingBit  stm32f10x_tim.o
    0x0800193e   0x00000018   Code   RO         1810    i.TIM_Cmd           stm32f10x_tim.o
    0x08001956   0x0000001e   Code   RO         1812    i.TIM_CtrlPWMOutputs  stm32f10x_tim.o
    0x08001974   0x00000022   Code   RO         1831    i.TIM_GetITStatus   stm32f10x_tim.o
    0x08001996   0x00000012   Code   RO         1835    i.TIM_ITConfig      stm32f10x_tim.o
    0x080019a8   0x00000098   Code   RO         1839    i.TIM_OC1Init       stm32f10x_tim.o
    0x08001a40   0x00000012   Code   RO         1842    i.TIM_OC1PreloadConfig  stm32f10x_tim.o
    0x08001a52   0x00000002   PAD
    0x08001a54   0x0000007c   Code   RO         1854    i.TIM_OC4Init       stm32f10x_tim.o
    0x08001ad0   0x0000001a   Code   RO         1856    i.TIM_OC4PreloadConfig  stm32f10x_tim.o
    0x08001aea   0x00000002   PAD
    0x08001aec   0x000000a4   Code   RO         1881    i.TIM_TimeBaseInit  stm32f10x_tim.o
    0x08001b90   0x000000b8   Code   RO          799    i.USART1_IRQHandler  serial.o
    0x08001c48   0x00000028   Code   RO          800    i.USART2_IRQHandler  serial.o
    0x08001c70   0x00000012   Code   RO         1434    i.USART_ClearFlag   stm32f10x_usart.o
    0x08001c82   0x00000018   Code   RO         1438    i.USART_Cmd         stm32f10x_usart.o
    0x08001c9a   0x00000002   PAD
    0x08001c9c   0x0000009c   Code   RO         1440    i.USART_DeInit      stm32f10x_usart.o
    0x08001d38   0x0000001a   Code   RO         1441    i.USART_GetFlagStatus  stm32f10x_usart.o
    0x08001d52   0x00000054   Code   RO         1442    i.USART_GetITStatus  stm32f10x_usart.o
    0x08001da6   0x0000004a   Code   RO         1444    i.USART_ITConfig    stm32f10x_usart.o
    0x08001df0   0x000000d8   Code   RO         1445    i.USART_Init        stm32f10x_usart.o
    0x08001ec8   0x0000000a   Code   RO         1452    i.USART_ReceiveData  stm32f10x_usart.o
    0x08001ed2   0x00000008   Code   RO         1455    i.USART_SendData    stm32f10x_usart.o
    0x08001eda   0x00000004   Code   RO          700    i.UsageFault_Handler  stm32f10x_it.o
    0x08001ede   0x00000002   PAD
    0x08001ee0   0x00000020   Code   RO         3117    i.__0printf         mc_w.l(printfa.o)
    0x08001f00   0x00000026   Code   RO         3197    i.__ARM_fpclassifyf  m_ws.l(fpclassifyf.o)
    0x08001f26   0x00000006   Code   RO         3200    i.__mathlib_flt_infnan  m_ws.l(funder.o)
    0x08001f2c   0x00000004   Code   RO         3201    i.__mathlib_flt_infnan2  m_ws.l(funder.o)
    0x08001f30   0x00000008   Code   RO         3202    i.__mathlib_flt_invalid  m_ws.l(funder.o)
    0x08001f38   0x0000000a   Code   RO         3205    i.__mathlib_flt_underflow  m_ws.l(funder.o)
    0x08001f42   0x0000000e   Code   RO         3277    i.__scatterload_copy  mc_w.l(handlers.o)
    0x08001f50   0x00000002   Code   RO         3278    i.__scatterload_null  mc_w.l(handlers.o)
    0x08001f52   0x0000000e   Code   RO         3279    i.__scatterload_zeroinit  mc_w.l(handlers.o)
    0x08001f60   0x0000000c   Code   RO         3247    i.__set_errno       mc_w.l(errno.o)
    0x08001f6c   0x00000164   Code   RO         3124    i._fp_digits        mc_w.l(printfa.o)
    0x080020d0   0x000006dc   Code   RO         3125    i._printf_core      mc_w.l(printfa.o)
    0x080027ac   0x00000024   Code   RO         3126    i._printf_post_padding  mc_w.l(printfa.o)
    0x080027d0   0x0000002e   Code   RO         3127    i._printf_pre_padding  mc_w.l(printfa.o)
    0x080027fe   0x00000002   PAD
    0x08002800   0x00000100   Code   RO          327    i.angle_lvbo        yijie.o
    0x08002900   0x00000124   Code   RO         2858    i.asinf             m_ws.l(asinf.o)
    0x08002a24   0x0000025c   Code   RO         2874    i.atan2f            m_ws.l(atan2f.o)
    0x08002c80   0x00000098   Code   RO          382    i.clr_speed         crt.o
    0x08002d18   0x00000034   Code   RO          383    i.clr_trun          crt.o
    0x08002d4c   0x000000e8   Code   RO          384    i.crt               crt.o
    0x08002e34   0x00000048   Code   RO          667    i.csb_init          csb.o
    0x08002e7c   0x00000038   Code   RO          184    i.delay_ms          systick.o
    0x08002eb4   0x00000024   Code   RO          801    i.fputc             serial.o
    0x08002ed8   0x0000001e   Code   RO          802    i.get_length        serial.o
    0x08002ef6   0x00000002   PAD
    0x08002ef8   0x00000084   Code   RO          896    i.iic_init          iic.o
    0x08002f7c   0x00000124   Code   RO          897    i.iic_rw            iic.o
    0x080030a0   0x00000560   Code   RO          330    i.imuUpdate         yijie.o
    0x08003600   0x0000004c   Code   RO          331    i.invSqrt           yijie.o
    0x0800364c   0x0000000c   Code   RO          387    i.limit_out         crt.o
    0x08003658   0x00000010   Code   RO          388    i.limit_speed_out   crt.o
    0x08003668   0x0000001c   Code   RO          389    i.lun_dir           crt.o
    0x08003684   0x00000260   Code   RO            1    i.main              main.o
    0x080038e4   0x000000a2   Code   RO          974    i.mpu6050_get_data  mpu6050.o
    0x08003986   0x0000008e   Code   RO          975    i.mpu6050_init      mpu6050.o
    0x08003a14   0x00000020   Code   RO          390    i.out_linear        crt.o
    0x08003a34   0x0000004c   Code   RO          803    i.process_data      serial.o
    0x08003a80   0x000000a8   Code   RO          804    i.serial1_init      serial.o
    0x08003b28   0x00000094   Code   RO          391    i.set_pwm           crt.o
    0x08003bbc   0x00000070   Code   RO          392    i.speed_lvbo        crt.o
    0x08003c2c   0x0000002c   Code   RO         3215    i.sqrtf             m_ws.l(sqrtf.o)
    0x08003c58   0x000001ac   Code   RO          332    i.up_angle          yijie.o
    0x08003e04   0x00000030   Code   RO          920    i.up_btv            adc.o
    0x08003e34   0x0000002c   Code   RO          954    i.up_key            key.o
    0x08003e60   0x00000020   Code   RO          393    i.up_right          crt.o
    0x08003e80   0x00000040   Code   RO            2    i.update_state      main.o
    0x08003ec0   0x00000020   Data   RO         3275    Region$$Table       anon$$obj.o


    Execution Region RW_IRAM1 (Base: 0x20000000, Size: 0x00000638, Max: 0x00005000, ABSOLUTE)

    Base Addr    Size         Type   Attr      Idx    E Section Name        Object

    0x20000000   0x00000008   Data   RW            3    .data               main.o
    0x20000008   0x00000068   Data   RW          334    .data               yijie.o
    0x20000070   0x0000001c   Data   RW          395    .data               crt.o
    0x2000008c   0x00000009   Data   RW          486    .data               common.o
    0x20000095   0x00000003   PAD
    0x20000098   0x00000005   Data   RW          777    .data               timer.o
    0x2000009d   0x00000003   PAD
    0x200000a0   0x00000008   Data   RW          814    .data               serial.o
    0x200000a8   0x00000002   Data   RW          921    .data               adc.o
    0x200000aa   0x00000014   Data   RW         1266    .data               stm32f10x_rcc.o
    0x200000be   0x00000002   PAD
    0x200000c0   0x00000004   Data   RW         3236    .data               mc_w.l(stdout.o)
    0x200000c4   0x00000004   Data   RW         3248    .data               mc_w.l(errno.o)
    0x200000c8   0x000000cc   Zero   RW          333    .bss                yijie.o
    0x20000194   0x00000060   Zero   RW          394    .bss                crt.o
    0x200001f4   0x00000020   Zero   RW          510    .bss                bluetooth.o
    0x20000214   0x00000023   Zero   RW          813    .bss                serial.o
    0x20000237   0x00000001   PAD
    0x20000238   0x00000400   Zero   RW         2850    STACK               startup_stm32f10x_hd.o


==============================================================================

Image component sizes


      Code (inc. data)   RO Data    RW Data    ZI Data      Debug   Object Name

       360         20          0          0          0       1116   a4988.o
       282         18          0          2          0       2170   adc.o
         0          0          0          0         32        859   bluetooth.o
         0          0          0          9          0       2503   common.o
       852         84          0         28         96       6302   crt.o
        72          4          0          0          0        447   csb.o
       424         26          0          0          0       1776   iic.o
        88         12          0          0          0        896   key.o
       372         54          0          0          0        783   led.o
       672        182          0          8          0     279319   main.o
       112         12          0          0          0       1044   misc.o
       304          0          0          0          0       1814   mpu6050.o
       156         12          0          0          0        517   nrf24l01.o
       534         50          0          8         35       4617   serial.o
       188         18          0          0          0        557   spi.o
        36          8        304          0       1024        864   startup_stm32f10x_hd.o
       486         24          0          0          0       8538   stm32f10x_adc.o
       426          6          0          0          0       3321   stm32f10x_gpio.o
       460         20          0          0          0       7521   stm32f10x_i2c.o
        28          0          0          0          0       3837   stm32f10x_it.o
       364         50          0         20          0       6127   stm32f10x_rcc.o
        84          0          0          0          0       2153   stm32f10x_spi.o
       620         72          0          0          0       7256   stm32f10x_tim.o
       616         28          0          0          0       7274   stm32f10x_usart.o
         0          0          0          0          0         32   sys.o
       328         28          0          0          0       2097   system_stm32f10x.o
        56          0          0          0          0        467   systick.o
       160         18          0          5          0       1248   timer.o
      2136        204          0        104        204       4445   yijie.o

    ----------------------------------------------------------------------
     10244        950        336        192       1392     359900   Object Totals
         0          0         32          0          0          0   (incl. Generated)
        28          0          0          8          1          0   (incl. Padding)

    ----------------------------------------------------------------------

      Code (inc. data)   RO Data    RW Data    ZI Data      Debug   Library Member Name

       292         38          0          0          0        120   asinf.o
       604         76          0          0          0        116   atan2f.o
        38          0          0          0          0         68   fpclassifyf.o
        28          0          0          0          0        272   funder.o
        44          0          0          0          0         80   sqrtf.o
         0          0          0          0          0          0   entry.o
         0          0          0          0          0          0   entry10a.o
         0          0          0          0          0          0   entry11a.o
         8          4          0          0          0          0   entry2.o
         4          0          0          0          0          0   entry5.o
         0          0          0          0          0          0   entry7b.o
         0          0          0          0          0          0   entry8b.o
         8          4          0          0          0          0   entry9a.o
        12          6          0          4          0         68   errno.o
        30          0          0          0          0          0   handlers.o
        36          8          0          0          0         68   init.o
         0          0          0          0          0          0   iusefp.o
        30          0          0          0          0         68   llshl.o
        36          0          0          0          0         68   llsshr.o
        32          0          0          0          0         68   llushr.o
      2226         90          0          0          0        444   printfa.o
         0          0          0          4          0          0   stdout.o
        44          0          0          0          0         80   uidiv.o
        98          0          0          0          0         92   uldiv.o
        48          0          0          0          0         68   cdrcmple.o
        20          0          0          0          0         68   cfcmple.o
        20          0          0          0          0         68   cfrcmple.o
        56          0          0          0          0         88   d2f.o
       334          0          0          0          0        148   dadd.o
       222          0          0          0          0        100   ddiv.o
       186          0          0          0          0        176   depilogue.o
        48          0          0          0          0         68   dfixul.o
        34          0          0          0          0         76   dflti.o
       228          0          0          0          0         96   dmul.o
        38          0          0          0          0         68   f2d.o
       176          0          0          0          0        140   fadd.o
       124          0          0          0          0         88   fdiv.o
       110          0          0          0          0        168   fepilogue.o
        50          0          0          0          0         68   ffixi.o
        18          0          0          0          0         68   fflti.o
        10          0          0          0          0         68   ffltui.o
       100          0          0          0          0         76   fmul.o
        24          0          0          0          0         68   fscalb.o
        94          0          0          0          0         96   fsqrt.o

    ----------------------------------------------------------------------
      5516        226          0          8          0       3476   Library Totals
         6          0          0          0          0          0   (incl. Padding)

    ----------------------------------------------------------------------

      Code (inc. data)   RO Data    RW Data    ZI Data      Debug   Library Name

      1006        114          0          0          0        656   m_ws.l
      2564        112          0          8          0        956   mc_w.l
      1940          0          0          0          0       1864   mf_w.l

    ----------------------------------------------------------------------
      5516        226          0          8          0       3476   Library Totals

    ----------------------------------------------------------------------

==============================================================================


      Code (inc. data)   RO Data    RW Data    ZI Data      Debug   

     15760       1176        336        200       1392     356144   Grand Totals
     15760       1176        336        200       1392     356144   ELF Image Totals
     15760       1176        336        200          0          0   ROM Totals

==============================================================================

    Total RO  Size (Code + RO Data)                16096 (  15.72kB)
    Total RW  Size (RW Data + ZI Data)              1592 (   1.55kB)
    Total ROM Size (Code + RO Data + RW Data)      16296 (  15.91kB)

==============================================================================

